Component: ARM Compiler 5.06 update 7 (build 960) Tool: armlink [4d3601]

==============================================================================

Section Cross References

    startup_stm32g431xx.o(STACK) refers (Special) to heapauxi.o(.text) for __use_two_region_memory
    startup_stm32g431xx.o(HEAP) refers (Special) to heapauxi.o(.text) for __use_two_region_memory
    startup_stm32g431xx.o(RESET) refers (Special) to heapauxi.o(.text) for __use_two_region_memory
    startup_stm32g431xx.o(RESET) refers to startup_stm32g431xx.o(STACK) for __initial_sp
    startup_stm32g431xx.o(RESET) refers to startup_stm32g431xx.o(.text) for Reset_Handler
    startup_stm32g431xx.o(RESET) refers to stm32g4xx_it.o(i.NMI_Handler) for NMI_Handler
    startup_stm32g431xx.o(RESET) refers to stm32g4xx_it.o(i.HardFault_Handler) for HardFault_Handler
    startup_stm32g431xx.o(RESET) refers to stm32g4xx_it.o(i.MemManage_Handler) for MemManage_Handler
    startup_stm32g431xx.o(RESET) refers to stm32g4xx_it.o(i.BusFault_Handler) for BusFault_Handler
    startup_stm32g431xx.o(RESET) refers to stm32g4xx_it.o(i.UsageFault_Handler) for UsageFault_Handler
    startup_stm32g431xx.o(RESET) refers to stm32g4xx_it.o(i.SVC_Handler) for SVC_Handler
    startup_stm32g431xx.o(RESET) refers to stm32g4xx_it.o(i.DebugMon_Handler) for DebugMon_Handler
    startup_stm32g431xx.o(RESET) refers to stm32g4xx_it.o(i.PendSV_Handler) for PendSV_Handler
    startup_stm32g431xx.o(RESET) refers to stm32g4xx_it.o(i.SysTick_Handler) for SysTick_Handler
    startup_stm32g431xx.o(RESET) refers to stm32g4xx_it.o(i.USART2_IRQHandler) for USART2_IRQHandler
    startup_stm32g431xx.o(RESET) refers to stm32g4xx_it.o(i.USART3_IRQHandler) for USART3_IRQHandler
    startup_stm32g431xx.o(.text) refers (Special) to heapauxi.o(.text) for __use_two_region_memory
    startup_stm32g431xx.o(.text) refers to system_stm32g4xx.o(i.SystemInit) for SystemInit
    startup_stm32g431xx.o(.text) refers to __main.o(!!!main) for __main
    startup_stm32g431xx.o(.text) refers to startup_stm32g431xx.o(HEAP) for Heap_Mem
    startup_stm32g431xx.o(.text) refers to startup_stm32g431xx.o(STACK) for Stack_Mem
    main.o(i.SystemClock_Config) refers to rt_memclr_w.o(.text) for __aeabi_memclr4
    main.o(i.SystemClock_Config) refers to stm32g4xx_hal_pwr_ex.o(i.HAL_PWREx_ControlVoltageScaling) for HAL_PWREx_ControlVoltageScaling
    main.o(i.SystemClock_Config) refers to stm32g4xx_hal_rcc.o(i.HAL_RCC_OscConfig) for HAL_RCC_OscConfig
    main.o(i.SystemClock_Config) refers to stm32g4xx_hal_rcc.o(i.HAL_RCC_ClockConfig) for HAL_RCC_ClockConfig
    main.o(i.main) refers to stm32g4xx_hal.o(i.HAL_Init) for HAL_Init
    main.o(i.main) refers to main.o(i.SystemClock_Config) for SystemClock_Config
    main.o(i.main) refers to gpio.o(i.MX_GPIO_Init) for MX_GPIO_Init
    main.o(i.main) refers to adc.o(i.MX_ADC1_Init) for MX_ADC1_Init
    main.o(i.main) refers to tim.o(i.MX_TIM16_Init) for MX_TIM16_Init
    main.o(i.main) refers to usart.o(i.MX_USART1_UART_Init) for MX_USART1_UART_Init
    main.o(i.main) refers to usart.o(i.MX_USART2_UART_Init) for MX_USART2_UART_Init
    main.o(i.main) refers to usart.o(i.MX_USART3_UART_Init) for MX_USART3_UART_Init
    main.o(i.main) refers to rt_memcpy_w.o(.text) for __aeabi_memcpy4
    main.o(i.main) refers to usart.o(i.UsartPrintf) for UsartPrintf
    main.o(i.main) refers to stm32g4xx_hal_uart.o(i.HAL_UART_Receive_IT) for HAL_UART_Receive_IT
    main.o(i.main) refers to lcd.o(i.LCD_Init) for LCD_Init
    main.o(i.main) refers to stm32g4xx_hal.o(i.HAL_Delay) for HAL_Delay
    main.o(i.main) refers to lcd.o(i.LCD_Clear) for LCD_Clear
    main.o(i.main) refers to lcd.o(i.LCD_SetBackColor) for LCD_SetBackColor
    main.o(i.main) refers to lcd.o(i.LCD_SetTextColor) for LCD_SetTextColor
    main.o(i.main) refers to esp8266.o(i.all_init) for all_init
    main.o(i.main) refers to esp8266.o(i.ESP01S_Init) for ESP01S_Init
    main.o(i.main) refers to esp8266.o(i.ESP01S_Clear) for ESP01S_Clear
    main.o(i.main) refers to esp8266.o(i.pubcmd) for pubcmd
    main.o(i.main) refers to esp8266.o(i.pubcmd_illThreshold) for pubcmd_illThreshold
    main.o(i.main) refers to esp8266.o(i.pubcmd_tempThreshold) for pubcmd_tempThreshold
    main.o(i.main) refers to dht11.o(i.DHT11) for DHT11
    main.o(i.main) refers to esp8266.o(i.Esp_PUB) for Esp_PUB
    main.o(i.main) refers to esp8266.o(i.lcd_proc) for lcd_proc
    main.o(i.main) refers to esp8266.o(i.key_proc) for key_proc
    main.o(i.main) refers to esp8266.o(i.uart_proc) for uart_proc
    main.o(i.main) refers to esp8266.o(i.sig_proc) for sig_proc
    main.o(i.main) refers to esp8266.o(i.ESP8266_GetIPD) for ESP8266_GetIPD
    main.o(i.main) refers to esp8266.o(i.ESP8266_GetCMD) for ESP8266_GetCMD
    main.o(i.main) refers to usart.o(.bss) for huart1
    main.o(i.main) refers to esp8266.o(.data) for aRxBuffer
    main.o(i.main) refers to main.o(.data) for .data
[...]
    __rt_lib_init_getenv_1                   0x080002ff   Thumb Code     0  libinit2.o(.ARM.Collect$$libinit$$00000023)
    __rt_lib_init_lc_numeric_1               0x080002ff   Thumb Code     0  libinit2.o(.ARM.Collect$$libinit$$00000017)
    __rt_lib_init_lc_time_1                  0x080002ff   Thumb Code     0  libinit2.o(.ARM.Collect$$libinit$$00000019)
    __rt_lib_init_return                     0x080002ff   Thumb Code     0  libinit2.o(.ARM.Collect$$libinit$$00000033)
    __rt_lib_init_signal_1                   0x080002ff   Thumb Code     0  libinit2.o(.ARM.Collect$$libinit$$0000001D)
    __rt_lib_init_stdio_1                    0x080002ff   Thumb Code     0  libinit2.o(.ARM.Collect$$libinit$$00000025)
    __rt_lib_shutdown                        0x08000301   Thumb Code     0  libshutdown.o(.ARM.Collect$$libshutdown$$00000000)
    __rt_lib_shutdown_cpp_1                  0x08000303   Thumb Code     0  libshutdown2.o(.ARM.Collect$$libshutdown$$00000004)
    __rt_lib_shutdown_fini_1                 0x08000303   Thumb Code     0  libshutdown2.o(.ARM.Collect$$libshutdown$$00000002)
    __rt_lib_shutdown_fp_trap_1              0x08000303   Thumb Code     0  libshutdown2.o(.ARM.Collect$$libshutdown$$00000009)
    __rt_lib_shutdown_heap_1                 0x08000303   Thumb Code     0  libshutdown2.o(.ARM.Collect$$libshutdown$$00000011)
    __rt_lib_shutdown_return                 0x08000303   Thumb Code     0  libshutdown2.o(.ARM.Collect$$libshutdown$$00000012)
    __rt_lib_shutdown_signal_1               0x08000303   Thumb Code     0  libshutdown2.o(.ARM.Collect$$libshutdown$$0000000C)
    __rt_lib_shutdown_stdio_1                0x08000303   Thumb Code     0  libshutdown2.o(.ARM.Collect$$libshutdown$$00000006)
    __rt_lib_shutdown_user_alloc_1           0x08000303   Thumb Code     0  libshutdown2.o(.ARM.Collect$$libshutdown$$0000000E)
    __rt_entry                               0x08000305   Thumb Code     0  __rtentry.o(.ARM.Collect$$rtentry$$00000000)
    __rt_entry_presh_1                       0x08000305   Thumb Code     0  __rtentry2.o(.ARM.Collect$$rtentry$$00000002)
    __rt_entry_sh                            0x08000305   Thumb Code     0  __rtentry4.o(.ARM.Collect$$rtentry$$00000004)
    __rt_entry_li                            0x0800030b   Thumb Code     0  __rtentry2.o(.ARM.Collect$$rtentry$$0000000A)
    __rt_entry_postsh_1                      0x0800030b   Thumb Code     0  __rtentry2.o(.ARM.Collect$$rtentry$$00000009)
    __rt_entry_main                          0x0800030f   Thumb Code     0  __rtentry2.o(.ARM.Collect$$rtentry$$0000000D)
    __rt_entry_postli_1                      0x0800030f   Thumb Code     0  __rtentry2.o(.ARM.Collect$$rtentry$$0000000C)
    __rt_exit                                0x08000317   Thumb Code     0  rtexit.o(.ARM.Collect$$rtexit$$00000000)
    __rt_exit_ls                             0x08000319   Thumb Code     0  rtexit2.o(.ARM.Collect$$rtexit$$00000003)
    __rt_exit_prels_1                        0x08000319   Thumb Code     0  rtexit2.o(.ARM.Collect$$rtexit$$00000002)
    __rt_exit_exit                           0x0800031d   Thumb Code     0  rtexit2.o(.ARM.Collect$$rtexit$$00000004)
    Reset_Handler                            0x08000325   Thumb Code     8  startup_stm32g431xx.o(.text)
    ADC1_2_IRQHandler                        0x0800033f   Thumb Code     0  startup_stm32g431xx.o(.text)
    COMP1_2_3_IRQHandler                     0x0800033f   Thumb Code     0  startup_stm32g431xx.o(.text)
    COMP4_IRQHandler                         0x0800033f   Thumb Code     0  startup_stm32g431xx.o(.text)
    CORDIC_IRQHandler                        0x0800033f   Thumb Code     0  startup_stm32g431xx.o(.text)
    CRS_IRQHandler                           0x0800033f   Thumb Code     0  startup_stm32g431xx.o(.text)
    DMA1_Channel1_IRQHandler                 0x0800033f   Thumb Code     0  startup_stm32g431xx.o(.text)
    DMA1_Channel2_IRQHandler                 0x0800033f   Thumb Code     0  startup_stm32g431xx.o(.text)
    DMA1_Channel3_IRQHandler                 0x0800033f   Thumb Code     0  startup_stm32g431xx.o(.text)
    DMA1_Channel4_IRQHandler                 0x0800033f   Thumb Code     0  startup_stm32g431xx.o(.text)
    DMA1_Channel5_IRQHandler                 0x0800033f   Thumb Code     0  startup_stm32g431xx.o(.text)
    DMA1_Channel6_IRQHandler                 0x0800033f   Thumb Code     0  startup_stm32g431xx.o(.text)
    DMA2_Channel1_IRQHandler                 0x0800033f   Thumb Code     0  startup_stm32g431xx.o(.text)
    DMA2_Channel2_IRQHandler                 0x0800033f   Thumb Code     0  startup_stm32g431xx.o(.text)
    DMA2_Channel3_IRQHandler                 0x0800033f   Thumb Code     0  startup_stm32g431xx.o(.text)
    DMA2_Channel4_IRQHandler                 0x0800033f   Thumb Code     0  startup_stm32g431xx.o(.text)
    DMA2_Channel5_IRQHandler                 0x0800033f   Thumb Code     0  startup_stm32g431xx.o(.text)
    DMA2_Channel6_IRQHandler                 0x0800033f   Thumb Code     0  startup_stm32g431xx.o(.text)
    DMAMUX_OVR_IRQHandler                    0x0800033f   Thumb Code     0  startup_stm32g431xx.o(.text)
    EXTI0_IRQHandler                         0x0800033f   Thumb Code     0  startup_stm32g431xx.o(.text)
    EXTI15_10_IRQHandler                     0x0800033f   Thumb Code     0  startup_stm32g431xx.o(.text)
    EXTI1_IRQHandler                         0x0800033f   Thumb Code     0  startup_stm32g431xx.o(.text)
    EXTI2_IRQHandler                         0x0800033f   Thumb Code     0  startup_stm32g431xx.o(.text)
    EXTI3_IRQHandler                         0x0800033f   Thumb Code     0  startup_stm32g431xx.o(.text)
    EXTI4_IRQHandler                         0x0800033f   Thumb Code     0  startup_stm32g431xx.o(.text)
    EXTI9_5_IRQHandler                       0x0800033f   Thumb Code     0  startup_stm32g431xx.o(.text)
    FDCAN1_IT0_IRQHandler                    0x0800033f   Thumb Code     0  startup_stm32g431xx.o(.text)
    FDCAN1_IT1_IRQHandler                    0x0800033f   Thumb Code     0  startup_stm32g431xx.o(.text)
    FLASH_IRQHandler                         0x0800033f   Thumb Code     0  startup_stm32g431xx.o(.text)
    FMAC_IRQHandler                          0x0800033f   Thumb Code     0  startup_stm32g431xx.o(.text)
    FPU_IRQHandler                           0x0800033f   Thumb Code     0  startup_stm32g431xx.o(.text)
    I2C1_ER_IRQHandler                       0x0800033f   Thumb Code     0  startup_stm32g431xx.o(.text)
    I2C1_EV_IRQHandler                       0x0800033f   Thumb Code     0  startup_stm32g431xx.o(.text)
    I2C2_ER_IRQHandler                       0x0800033f   Thumb Code     0  startup_stm32g431xx.o(.text)
    I2C2_EV_IRQHandler                       0x0800033f   Thumb Code     0  startup_stm32g431xx.o(.text)
    I2C3_ER_IRQHandler                       0x0800033f   Thumb Code     0  startup_stm32g431xx.o(.text)
    I2C3_EV_IRQHandler                       0x0800033f   Thumb Code     0  startup_stm32g431xx.o(.text)
    LPTIM1_IRQHandler                        0x0800033f   Thumb Code     0  startup_stm32g431xx.o(.text)
    LPUART1_IRQHandler                       0x0800033f   Thumb Code     0  startup_stm32g431xx.o(.text)
    PVD_PVM_IRQHandler                       0x0800033f   Thumb Code     0  startup_stm32g431xx.o(.text)
    RCC_IRQHandler                           0x0800033f   Thumb Code     0  startup_stm32g431xx.o(.text)
    RNG_IRQHandler                           0x0800033f   Thumb Code     0  startup_stm32g431xx.o(.text)
    RTC_Alarm_IRQHandler                     0x0800033f   Thumb Code     0  startup_stm32g431xx.o(.text)
    RTC_TAMP_LSECSS_IRQHandler               0x0800033f   Thumb Code     0  startup_stm32g431xx.o(.text)
    RTC_WKUP_IRQHandler                      0x0800033f   Thumb Code     0  startup_stm32g431xx.o(.text)
    SAI1_IRQHandler                          0x0800033f   Thumb Code     0  startup_stm32g431xx.o(.text)
    SPI1_IRQHandler                          0x0800033f   Thumb Code     0  startup_stm32g431xx.o(.text)
    SPI2_IRQHandler                          0x0800033f   Thumb Code     0  startup_stm32g431xx.o(.text)
    SPI3_IRQHandler                          0x0800033f   Thumb Code     0  startup_stm32g431xx.o(.text)
    TIM1_BRK_TIM15_IRQHandler                0x0800033f   Thumb Code     0  startup_stm32g431xx.o(.text)
    TIM1_CC_IRQHandler                       0x0800033f   Thumb Code     0  startup_stm32g431xx.o(.text)
    TIM1_TRG_COM_TIM17_IRQHandler            0x0800033f   Thumb Code     0  startup_stm32g431xx.o(.text)
    TIM1_UP_TIM16_IRQHandler                 0x0800033f   Thumb Code     0  startup_stm32g431xx.o(.text)
    TIM2_IRQHandler                          0x0800033f   Thumb Code     0  startup_stm32g431xx.o(.text)
    TIM3_IRQHandler                          0x0800033f   Thumb Code     0  startup_stm32g431xx.o(.text)
    TIM4_IRQHandler                          0x0800033f   Thumb Code     0  startup_stm32g431xx.o(.text)
    TIM6_DAC_IRQHandler                      0x0800033f   Thumb Code     0  startup_stm32g431xx.o(.text)
    TIM7_IRQHandler                          0x0800033f   Thumb Code     0  startup_stm32g431xx.o(.text)
    TIM8_BRK_IRQHandler                      0x0800033f   Thumb Code     0  startup_stm32g431xx.o(.text)
    TIM8_CC_IRQHandler                       0x0800033f   Thumb Code     0  startup_stm32g431xx.o(.text)
    TIM8_TRG_COM_IRQHandler                  0x0800033f   Thumb Code     0  startup_stm32g431xx.o(.text)
    TIM8_UP_IRQHandler                       0x0800033f   Thumb Code     0  startup_stm32g431xx.o(.text)
    UART4_IRQHandler                         0x0800033f   Thumb Code     0  startup_stm32g431xx.o(.text)
    UCPD1_IRQHandler                         0x0800033f   Thumb Code     0  startup_stm32g431xx.o(.text)
    USART1_IRQHandler                        0x0800033f   Thumb Code     0  startup_stm32g431xx.o(.text)
    USBWakeUp_IRQHandler                     0x0800033f   Thumb Code     0  startup_stm32g431xx.o(.text)
    USB_HP_IRQHandler                        0x0800033f   Thumb Code     0  startup_stm32g431xx.o(.text)
    USB_LP_IRQHandler                        0x0800033f   Thumb Code     0  startup_stm32g431xx.o(.text)
    WWDG_IRQHandler                          0x0800033f   Thumb Code     0  startup_stm32g431xx.o(.text)
    __user_initial_stackheap                 0x08000341   Thumb Code     0  startup_stm32g431xx.o(.text)
    __aeabi_uldivmod                         0x08000365   Thumb Code     0  lludivv7m.o(.text)
    _ll_udiv                                 0x08000365   Thumb Code   238  lludivv7m.o(.text)
    vsnprintf                                0x08000455   Thumb Code    48  vsnprintf.o(.text)
    __2sprintf                               0x08000489   Thumb Code    38  __2sprintf.o(.text)
    __2snprintf                              0x080004b5   Thumb Code    50  __2snprintf.o(.text)
    _printf_str                              0x080004ed   Thumb Code    82  _printf_str.o(.text)
    _printf_int_dec                          0x08000541   Thumb Code   104  _printf_dec.o(.text)
    __printf                                 0x080005b9   Thumb Code   388  __printf_flags_ss_wp.o(.text)
    strchr                                   0x08000741   Thumb Code    20  strchr.o(.text)
    strstr                                   0x08000755   Thumb Code    36  strstr.o(.text)
    strlen                                   0x08000779   Thumb Code    62  strlen.o(.text)
    __aeabi_memcpy4                          0x080007b7   Thumb Code     0  rt_memcpy_w.o(.text)
    __aeabi_memcpy8                          0x080007b7   Thumb Code     0  rt_memcpy_w.o(.text)
    __rt_memcpy_w                            0x080007b7   Thumb Code   100  rt_memcpy_w.o(.text)
    _memcpy_lastbytes_aligned                0x080007ff   Thumb Code     0  rt_memcpy_w.o(.text)
    __aeabi_memclr                           0x0800081b   Thumb Code     0  rt_memclr.o(.text)
    __rt_memclr                              0x0800081b   Thumb Code    68  rt_memclr.o(.text)
    _memset                                  0x0800081f   Thumb Code     0  rt_memclr.o(.text)
    __aeabi_memclr4                          0x0800085f   Thumb Code     0  rt_memclr_w.o(.text)
    __aeabi_memclr8                          0x0800085f   Thumb Code     0  rt_memclr_w.o(.text)
    __rt_memclr_w                            0x0800085f   Thumb Code    78  rt_memclr_w.o(.text)
    _memset_w                                0x08000863   Thumb Code     0  rt_memclr_w.o(.text)
    strcmp                                   0x080008ad   Thumb Code   128  strcmpv7m.o(.text)
    __use_two_region_memory                  0x0800092d   Thumb Code     2  heapauxi.o(.text)
    __rt_heap_escrow$2region                 0x0800092f   Thumb Code     2  heapauxi.o(.text)
    __rt_heap_expand$2region                 0x08000931   Thumb Code     2  heapauxi.o(.text)
    _printf_pre_padding                      0x08000933   Thumb Code    44  _printf_pad.o(.text)
    _printf_post_padding                     0x0800095f   Thumb Code    34  _printf_pad.o(.text)
    _printf_truncate_signed                  0x08000981   Thumb Code    18  _printf_truncate.o(.text)
    _printf_truncate_unsigned                0x08000993   Thumb Code    18  _printf_truncate.o(.text)
    _printf_int_common                       0x080009a5   Thumb Code   178  _printf_intcommon.o(.text)
    _printf_charcount                        0x08000a57   Thumb Code    40  _printf_charcount.o(.text)
    _printf_char_common                      0x08000a8b   Thumb Code    32  _printf_char_common.o(.text)
    _sputc                                   0x08000ab1   Thumb Code    10  _sputc.o(.text)
    _snputc                                  0x08000abb   Thumb Code    16  _snputc.o(.text)
    _printf_cs_common                        0x08000acb   Thumb Code    20  _printf_char.o(.text)
    _printf_char                             0x08000adf   Thumb Code    16  _printf_char.o(.text)
    _printf_string                           0x08000aef   Thumb Code     8  _printf_char.o(.text)
    _printf_wctomb                           0x08000af9   Thumb Code   182  _printf_wctomb.o(.text)
    _printf_longlong_dec                     0x08000bb5   Thumb Code   108  _printf_longlong_dec.o(.text)
    _printf_longlong_oct                     0x08000c31   Thumb Code    66  _printf_oct_int_ll.o(.text)
    _printf_int_oct                          0x08000c73   Thumb Code    24  _printf_oct_int_ll.o(.text)
    _printf_ll_oct                           0x08000c8b   Thumb Code    12  _printf_oct_int_ll.o(.text)
    _printf_longlong_hex                     0x08000ca1   Thumb Code    86  _printf_hex_int_ll_ptr.o(.text)
    _printf_int_hex                          0x08000cf7   Thumb Code    28  _printf_hex_int_ll_ptr.o(.text)
    _printf_ll_hex                           0x08000d13   Thumb Code    12  _printf_hex_int_ll_ptr.o(.text)
    _printf_hex_ptr                          0x08000d1f   Thumb Code    18  _printf_hex_int_ll_ptr.o(.text)
    _ll_udiv10                               0x08000d35   Thumb Code   138  lludiv10.o(.text)
    __lib_sel_fp_printf                      0x08000dbf   Thumb Code     2  _printf_fp_dec.o(.text)
    _printf_fp_dec_real                      0x08000f71   Thumb Code   620  _printf_fp_dec.o(.text)
    _printf_fp_hex_real                      0x080011dd   Thumb Code   756  _printf_fp_hex.o(.text)
    _printf_lcs_common                       0x080014d9   Thumb Code    20  _printf_wchar.o(.text)
    _printf_wchar                            0x080014ed   Thumb Code    16  _printf_wchar.o(.text)
    _printf_wstring                          0x080014fd   Thumb Code     8  _printf_wchar.o(.text)
    _wcrtomb                                 0x08001505   Thumb Code    64  _wcrtomb.o(.text)
    __user_setup_stackheap                   0x08001545   Thumb Code    74  sys_stackheap_outer.o(.text)
    __rt_ctype_table                         0x08001591   Thumb Code    16  rt_ctype_table.o(.text)
    __rt_locale                              0x080015a1   Thumb Code     8  rt_locale_intlibspace.o(.text)
    _printf_fp_infnan                        0x080015a9   Thumb Code   112  _printf_fp_infnan.o(.text)
    _btod_etento                             0x08001629   Thumb Code   224  bigflt0.o(.text)
    exit                                     0x0800170d   Thumb Code    18  exit.o(.text)
    __user_libspace                          0x08001721   Thumb Code     8  libspace.o(.text)
    __user_perproc_libspace                  0x08001721   Thumb Code     0  libspace.o(.text)
    __user_perthread_libspace                0x08001721   Thumb Code     0  libspace.o(.text)
    _sys_exit                                0x08001729   Thumb Code     8  sys_exit.o(.text)
    __I$use$semihosting                      0x08001735   Thumb Code     0  use_no_semi.o(.text)
    __use_no_semihosting_swi                 0x08001735   Thumb Code     2  use_no_semi.o(.text)
    __semihosting_library_function           0x08001737   Thumb Code     0  indicate_semi.o(.text)
    _btod_d2e                                0x08001737   Thumb Code    62  btod.o(CL$$btod_d2e)
    _d2e_denorm_low                          0x08001775   Thumb Code    70  btod.o(CL$$btod_d2e_denorm_low)
    _d2e_norm_op1                            0x080017bb   Thumb Code    96  btod.o(CL$$btod_d2e_norm_op1)
    __btod_div_common                        0x0800181b   Thumb Code   696  btod.o(CL$$btod_div_common)
    _e2e                                     0x08001b53   Thumb Code   220  btod.o(CL$$btod_e2e)
    _btod_ediv                               0x08001c2f   Thumb Code    42  btod.o(CL$$btod_ediv)
    _btod_emul                               0x08001c59   Thumb Code    42  btod.o(CL$$btod_emul)
    __btod_mult_common                       0x08001c83   Thumb Code   580  btod.o(CL$$btod_mult_common)
    ADC_Enable                               0x08001ec9   Thumb Code   154  stm32g4xx_hal_adc.o(i.ADC_Enable)
    BusFault_Handler                         0x08001f75   Thumb Code     2  stm32g4xx_it.o(i.BusFault_Handler)
    Coarse_delay_us                          0x08001f79   Thumb Code    22  dht11.o(i.Coarse_delay_us)
    DHT11                                    0x08001f95   Thumb Code   168  dht11.o(i.DHT11)
    DHT11_Check                              0x08002079   Thumb Code    28  dht11.o(i.DHT11_Check)
    DHT11_READ_BIT                           0x080020cd   Thumb Code    54  dht11.o(i.DHT11_READ_BIT)
    DHT11_READ_BYTE                          0x08002109   Thumb Code    32  dht11.o(i.DHT11_READ_BYTE)
    DHT11_READ_DATA                          0x08002129   Thumb Code   144  dht11.o(i.DHT11_READ_DATA)
    DHT11_START                              0x080021f1   Thumb Code    36  dht11.o(i.DHT11_START)
    DebugMon_Handler                         0x08002219   Thumb Code     2  stm32g4xx_it.o(i.DebugMon_Handler)
    Delay_LCD                                0x0800221b   Thumb Code    28  lcd.o(i.Delay_LCD)
    ESP01S_Clear                             0x08002239   Thumb Code    20  esp8266.o(i.ESP01S_Clear)
    ESP01S_Init                              0x08002255   Thumb Code  1938  esp8266.o(i.ESP01S_Init)
    ESP01S_SendCmd                           0x08002aad   Thumb Code   172  esp8266.o(i.ESP01S_SendCmd)
    ESP01S_WaitRecive                        0x08002b61   Thumb Code    28  esp8266.o(i.ESP01S_WaitRecive)
    ESP8266_GetCMD                           0x08002b81   Thumb Code   898  esp8266.o(i.ESP8266_GetCMD)
    ESP8266_GetIPD                           0x08002f4d   Thumb Code   164  esp8266.o(i.ESP8266_GetIPD)
    Error_Handler                            0x0800301d   Thumb Code     4  main.o(i.Error_Handler)
    Esp_PUB                                  0x08003021   Thumb Code   530  esp8266.o(i.Esp_PUB)
    HAL_ADCEx_MultiModeConfigChannel         0x080032b9   Thumb Code   208  stm32g4xx_hal_adc_ex.o(i.HAL_ADCEx_MultiModeConfigChannel)
    HAL_ADC_ConfigChannel                    0x08003391   Thumb Code  1006  stm32g4xx_hal_adc.o(i.HAL_ADC_ConfigChannel)
    HAL_ADC_GetValue                         0x080037b5   Thumb Code     6  stm32g4xx_hal_adc.o(i.HAL_ADC_GetValue)
    HAL_ADC_Init                             0x080037bd   Thumb Code   466  stm32g4xx_hal_adc.o(i.HAL_ADC_Init)
    HAL_ADC_MspInit                          0x080039b1   Thumb Code   112  adc.o(i.HAL_ADC_MspInit)
    HAL_ADC_PollForConversion                0x08003a29   Thumb Code   242  stm32g4xx_hal_adc.o(i.HAL_ADC_PollForConversion)
    HAL_ADC_Start                            0x08003b25   Thumb Code   230  stm32g4xx_hal_adc.o(i.HAL_ADC_Start)
    HAL_DMA_Abort                            0x08003c19   Thumb Code   106  stm32g4xx_hal_dma.o(i.HAL_DMA_Abort)
    HAL_DMA_Abort_IT                         0x08003c83   Thumb Code   120  stm32g4xx_hal_dma.o(i.HAL_DMA_Abort_IT)
    HAL_Delay                                0x08003cfd   Thumb Code    32  stm32g4xx_hal.o(i.HAL_Delay)
    HAL_GPIO_Init                            0x08003d21   Thumb Code   550  stm32g4xx_hal_gpio.o(i.HAL_GPIO_Init)
    HAL_GPIO_ReadPin                         0x08003f69   Thumb Code    10  stm32g4xx_hal_gpio.o(i.HAL_GPIO_ReadPin)
    HAL_GPIO_TogglePin                       0x08003f73   Thumb Code    16  stm32g4xx_hal_gpio.o(i.HAL_GPIO_TogglePin)
    HAL_GPIO_WritePin                        0x08003f83   Thumb Code    10  stm32g4xx_hal_gpio.o(i.HAL_GPIO_WritePin)
    HAL_GetTick                              0x08003f8d   Thumb Code     6  stm32g4xx_hal.o(i.HAL_GetTick)
    HAL_IncTick                              0x08003f99   Thumb Code    12  stm32g4xx_hal.o(i.HAL_IncTick)
    HAL_Init                                 0x08003fa9   Thumb Code    30  stm32g4xx_hal.o(i.HAL_Init)
    HAL_InitTick                             0x08003fc9   Thumb Code    58  stm32g4xx_hal.o(i.HAL_InitTick)
    HAL_MspInit                              0x0800400d   Thumb Code    42  stm32g4xx_hal_msp.o(i.HAL_MspInit)
    HAL_NVIC_EnableIRQ                       0x0800403d   Thumb Code    26  stm32g4xx_hal_cortex.o(i.HAL_NVIC_EnableIRQ)
    HAL_NVIC_SetPriority                     0x08004059   Thumb Code    60  stm32g4xx_hal_cortex.o(i.HAL_NVIC_SetPriority)
    HAL_NVIC_SetPriorityGrouping             0x08004099   Thumb Code    26  stm32g4xx_hal_cortex.o(i.HAL_NVIC_SetPriorityGrouping)
    HAL_PWREx_ControlVoltageScaling          0x080040bd   Thumb Code   174  stm32g4xx_hal_pwr_ex.o(i.HAL_PWREx_ControlVoltageScaling)
    HAL_PWREx_DisableUCPDDeadBattery         0x08004179   Thumb Code    12  stm32g4xx_hal_pwr_ex.o(i.HAL_PWREx_DisableUCPDDeadBattery)
    HAL_RCCEx_PeriphCLKConfig                0x08004189   Thumb Code   638  stm32g4xx_hal_rcc_ex.o(i.HAL_RCCEx_PeriphCLKConfig)
    HAL_RCC_ClockConfig                      0x08004411   Thumb Code   444  stm32g4xx_hal_rcc.o(i.HAL_RCC_ClockConfig)
    HAL_RCC_GetHCLKFreq                      0x080045ed   Thumb Code     6  stm32g4xx_hal_rcc.o(i.HAL_RCC_GetHCLKFreq)
    HAL_RCC_GetPCLK1Freq                     0x080045f9   Thumb Code    24  stm32g4xx_hal_rcc.o(i.HAL_RCC_GetPCLK1Freq)
    HAL_RCC_GetPCLK2Freq                     0x0800461d   Thumb Code    24  stm32g4xx_hal_rcc.o(i.HAL_RCC_GetPCLK2Freq)
    HAL_RCC_GetSysClockFreq                  0x08004641   Thumb Code    98  stm32g4xx_hal_rcc.o(i.HAL_RCC_GetSysClockFreq)
    HAL_RCC_OscConfig                        0x080046b1   Thumb Code  1028  stm32g4xx_hal_rcc.o(i.HAL_RCC_OscConfig)
    HAL_SYSTICK_Config                       0x08004ab5   Thumb Code    40  stm32g4xx_hal_cortex.o(i.HAL_SYSTICK_Config)
    HAL_TIMEx_ConfigBreakDeadTime            0x08004add   Thumb Code   148  stm32g4xx_hal_tim_ex.o(i.HAL_TIMEx_ConfigBreakDeadTime)
    HAL_TIM_Base_Init                        0x08004b79   Thumb Code    98  stm32g4xx_hal_tim.o(i.HAL_TIM_Base_Init)
    HAL_TIM_Base_MspInit                     0x08004bdd   Thumb Code    30  tim.o(i.HAL_TIM_Base_MspInit)
    HAL_TIM_MspPostInit                      0x08004c05   Thumb Code    74  tim.o(i.HAL_TIM_MspPostInit)
    HAL_TIM_PWM_ConfigChannel                0x08004c59   Thumb Code   292  stm32g4xx_hal_tim.o(i.HAL_TIM_PWM_ConfigChannel)
    HAL_TIM_PWM_Init                         0x08004d7d   Thumb Code    98  stm32g4xx_hal_tim.o(i.HAL_TIM_PWM_Init)
    HAL_TIM_PWM_MspInit                      0x08004ddf   Thumb Code     2  stm32g4xx_hal_tim.o(i.HAL_TIM_PWM_MspInit)
    HAL_TIM_PWM_Start                        0x08004de1   Thumb Code   218  stm32g4xx_hal_tim.o(i.HAL_TIM_PWM_Start)
    HAL_UARTEx_DisableFifoMode               0x08004edd   Thumb Code    62  stm32g4xx_hal_uart_ex.o(i.HAL_UARTEx_DisableFifoMode)
    HAL_UARTEx_RxEventCallback               0x08004f1b   Thumb Code     2  stm32g4xx_hal_uart.o(i.HAL_UARTEx_RxEventCallback)
    HAL_UARTEx_RxFifoFullCallback            0x08004f1d   Thumb Code     2  stm32g4xx_hal_uart_ex.o(i.HAL_UARTEx_RxFifoFullCallback)
    HAL_UARTEx_SetRxFifoThreshold            0x08004f1f   Thumb Code    76  stm32g4xx_hal_uart_ex.o(i.HAL_UARTEx_SetRxFifoThreshold)
    HAL_UARTEx_SetTxFifoThreshold            0x08004f6b   Thumb Code    76  stm32g4xx_hal_uart_ex.o(i.HAL_UARTEx_SetTxFifoThreshold)
    HAL_UARTEx_TxFifoEmptyCallback           0x08004fb7   Thumb Code     2  stm32g4xx_hal_uart_ex.o(i.HAL_UARTEx_TxFifoEmptyCallback)
    HAL_UARTEx_WakeupCallback                0x08004fb9   Thumb Code     2  stm32g4xx_hal_uart_ex.o(i.HAL_UARTEx_WakeupCallback)
    HAL_UART_ErrorCallback                   0x08004fbb   Thumb Code     2  stm32g4xx_hal_uart.o(i.HAL_UART_ErrorCallback)
    HAL_UART_IRQHandler                      0x08004fbd   Thumb Code   782  stm32g4xx_hal_uart.o(i.HAL_UART_IRQHandler)
    HAL_UART_Init                            0x080052d9   Thumb Code   106  stm32g4xx_hal_uart.o(i.HAL_UART_Init)
    HAL_UART_MspInit                         0x08005345   Thumb Code   306  usart.o(i.HAL_UART_MspInit)
    HAL_UART_Receive_IT                      0x0800548d   Thumb Code    66  stm32g4xx_hal_uart.o(i.HAL_UART_Receive_IT)
    HAL_UART_RxCpltCallback                  0x080054d5   Thumb Code    66  esp8266.o(i.HAL_UART_RxCpltCallback)
    HAL_UART_Transmit                        0x08005539   Thumb Code   174  stm32g4xx_hal_uart.o(i.HAL_UART_Transmit)
    HAL_UART_TxCpltCallback                  0x080055e7   Thumb Code     2  stm32g4xx_hal_uart.o(i.HAL_UART_TxCpltCallback)
    HardFault_Handler                        0x080055e9   Thumb Code     2  stm32g4xx_it.o(i.HardFault_Handler)
    KeyClearEvent                            0x080055eb   Thumb Code     8  key.o(i.KeyClearEvent)
    KeyGetEvent                              0x080055f3   Thumb Code     4  key.o(i.KeyGetEvent)
    LCD_BusIn                                0x080055f9   Thumb Code    40  lcd.o(i.LCD_BusIn)
    LCD_BusOut                               0x08005625   Thumb Code    42  lcd.o(i.LCD_BusOut)
    LCD_Clear                                0x08005655   Thumb Code    48  lcd.o(i.LCD_Clear)
    LCD_CtrlLinesConfig                      0x08005689   Thumb Code   134  lcd.o(i.LCD_CtrlLinesConfig)
    LCD_DisplayChar                          0x08005719   Thumb Code    18  lcd.o(i.LCD_DisplayChar)
    LCD_DisplayStringLine                    0x08005731   Thumb Code    58  lcd.o(i.LCD_DisplayStringLine)
    LCD_DrawChar                             0x08005771   Thumb Code    84  lcd.o(i.LCD_DrawChar)
    LCD_Init                                 0x080057c9   Thumb Code    54  lcd.o(i.LCD_Init)
    LCD_ReadReg                              0x08005809   Thumb Code   120  lcd.o(i.LCD_ReadReg)
    LCD_SetBackColor                         0x08005889   Thumb Code    12  lcd.o(i.LCD_SetBackColor)
    LCD_SetCursor                            0x08005899   Thumb Code    24  lcd.o(i.LCD_SetCursor)
    LCD_SetTextColor                         0x080058b1   Thumb Code    12  lcd.o(i.LCD_SetTextColor)
    LCD_WriteRAM                             0x080058c1   Thumb Code    80  lcd.o(i.LCD_WriteRAM)
    LCD_WriteRAM_Prepare                     0x08005919   Thumb Code    82  lcd.o(i.LCD_WriteRAM_Prepare)
    LCD_WriteReg                             0x08005975   Thumb Code   100  lcd.o(i.LCD_WriteReg)
    MX_ADC1_Init                             0x08005a45   Thumb Code   162  adc.o(i.MX_ADC1_Init)
    MX_GPIO_Init                             0x08005af5   Thumb Code   268  gpio.o(i.MX_GPIO_Init)
    MX_TIM16_Init                            0x08005c11   Thumb Code   142  tim.o(i.MX_TIM16_Init)
    MX_USART1_UART_Init                      0x08005ca9   Thumb Code    94  usart.o(i.MX_USART1_UART_Init)
    MX_USART2_UART_Init                      0x08005d11   Thumb Code    94  usart.o(i.MX_USART2_UART_Init)
    MX_USART3_UART_Init                      0x08005d79   Thumb Code    94  usart.o(i.MX_USART3_UART_Init)
    MemManage_Handler                        0x08005de1   Thumb Code     2  stm32g4xx_it.o(i.MemManage_Handler)
    NMI_Handler                              0x08005de3   Thumb Code     2  stm32g4xx_it.o(i.NMI_Handler)
    PendSV_Handler                           0x08005de5   Thumb Code     2  stm32g4xx_it.o(i.PendSV_Handler)
    REG_8230_Init                            0x08005de7   Thumb Code   274  lcd.o(i.REG_8230_Init)
    REG_932X_Init                            0x08005ef9   Thumb Code   514  lcd.o(i.REG_932X_Init)
    SVC_Handler                              0x080060fb   Thumb Code     2  stm32g4xx_it.o(i.SVC_Handler)
    SysTick_Handler                          0x080060fd   Thumb Code    80  stm32g4xx_it.o(i.SysTick_Handler)
    SystemClock_Config                       0x0800615d   Thumb Code   102  main.o(i.SystemClock_Config)
    SystemInit                               0x080061c5   Thumb Code    12  system_stm32g4xx.o(i.SystemInit)
    TIM_Base_SetConfig                       0x080061d5   Thumb Code   160  stm32g4xx_hal_tim.o(i.TIM_Base_SetConfig)
    TIM_CCxChannelCmd                        0x08006291   Thumb Code    26  stm32g4xx_hal_tim.o(i.TIM_CCxChannelCmd)
    TIM_OC2_SetConfig                        0x08006349   Thumb Code   120  stm32g4xx_hal_tim.o(i.TIM_OC2_SetConfig)
    UART_AdvFeatureConfig                    0x0800661d   Thumb Code   200  stm32g4xx_hal_uart.o(i.UART_AdvFeatureConfig)
    UART_CheckIdleState                      0x080066e5   Thumb Code   172  stm32g4xx_hal_uart.o(i.UART_CheckIdleState)
    UART_SetConfig                           0x08006cc5   Thumb Code   582  stm32g4xx_hal_uart.o(i.UART_SetConfig)
    UART_Start_Receive_IT                    0x08006f39   Thumb Code   256  stm32g4xx_hal_uart.o(i.UART_Start_Receive_IT)
    UART_WaitOnFlagUntilTimeout              0x08007049   Thumb Code   148  stm32g4xx_hal_uart.o(i.UART_WaitOnFlagUntilTimeout)
    USART2_IRQHandler                        0x080070dd   Thumb Code    86  stm32g4xx_it.o(i.USART2_IRQHandler)
    USART3_IRQHandler                        0x08007145   Thumb Code     6  stm32g4xx_it.o(i.USART3_IRQHandler)
    UsageFault_Handler                       0x08007151   Thumb Code     2  stm32g4xx_it.o(i.UsageFault_Handler)
    UsartPrintf                              0x08007155   Thumb Code    96  usart.o(i.UsartPrintf)
    Usart_SendString                         0x080071e5   Thumb Code    46  usart.o(i.Usart_SendString)
    __ARM_fpclassify                         0x08007213   Thumb Code    48  fpclassify.o(i.__ARM_fpclassify)
    _is_digit                                0x08007263   Thumb Code    14  __printf_wp.o(i._is_digit)
    all_init                                 0x08007271   Thumb Code   112  esp8266.o(i.all_init)
    calculateLux                             0x080072f9   Thumb Code   250  esp8266.o(i.calculateLux)
    key_init                                 0x080073f9   Thumb Code    20  key.o(i.key_init)
    key_proc                                 0x0800740d   Thumb Code   442  esp8266.o(i.key_proc)
    key_scan                                 0x080075d1   Thumb Code   176  key.o(i.key_scan)
    lcd_proc                                 0x08007681   Thumb Code   340  esp8266.o(i.lcd_proc)
    led_mode                                 0x080078e1   Thumb Code    46  esp8266.o(i.led_mode)
    led_set                                  0x08007911   Thumb Code    50  esp8266.o(i.led_set)
    led_turn                                 0x0800794d   Thumb Code    40  esp8266.o(i.led_turn)
    linearMap                                0x0800797d   Thumb Code    36  esp8266.o(i.linearMap)
    main                                     0x080079a1   Thumb Code   386  main.o(i.main)
    motor_ctrl                               0x08007b61   Thumb Code    40  esp8266.o(i.motor_ctrl)
    pubcmd                                   0x08007b91   Thumb Code   178  esp8266.o(i.pubcmd)
    pubcmd_illThreshold                      0x08007c65   Thumb Code   152  esp8266.o(i.pubcmd_illThreshold)
    pubcmd_illThresholdnum                   0x08007d0d   Thumb Code   146  esp8266.o(i.pubcmd_illThresholdnum)
    pubcmd_tempThreshold                     0x08007db1   Thumb Code   152  esp8266.o(i.pubcmd_tempThreshold)
    pubcmd_tempThresholdnum                  0x08007e59   Thumb Code   146  esp8266.o(i.pubcmd_tempThresholdnum)
    readVoltage                              0x08007efd   Thumb Code    92  esp8266.o(i.readVoltage)
    sig_proc                                 0x08007f6d   Thumb Code   146  esp8266.o(i.sig_proc)
    string_to_int                            0x08008035   Thumb Code   100  esp8266.o(i.string_to_int)
    uart_proc                                0x0800809d   Thumb Code   444  esp8266.o(i.uart_proc)
    _get_lc_numeric                          0x080082ad   Thumb Code    44  lc_numeric_c.o(locale$$code)
    _get_lc_ctype                            0x080082d9   Thumb Code    44  lc_ctype_c.o(locale$$code)
    __aeabi_d2f                              0x08008305   Thumb Code     0  d2f.o(x$fpl$d2f)
    _d2f                                     0x08008305   Thumb Code    98  d2f.o(x$fpl$d2f)
    __aeabi_dadd                             0x08008369   Thumb Code     0  daddsub_clz.o(x$fpl$dadd)
    _dadd                                    0x08008369   Thumb Code   332  daddsub_clz.o(x$fpl$dadd)
    __fpl_dcmp_Inf                           0x080084b9   Thumb Code    24  dcmpi.o(x$fpl$dcmpinf)
    __aeabi_ddiv                             0x080084d1   Thumb Code     0  ddiv.o(x$fpl$ddiv)
    _ddiv                                    0x080084d1   Thumb Code   552  ddiv.o(x$fpl$ddiv)
    __aeabi_d2uiz                            0x08008781   Thumb Code     0  dfixu.o(x$fpl$dfixu)
    _dfixu                                   0x08008781   Thumb Code    90  dfixu.o(x$fpl$dfixu)
    __aeabi_ui2d                             0x080087db   Thumb Code     0  dflt_clz.o(x$fpl$dfltu)
    _dfltu                                   0x080087db   Thumb Code    38  dflt_clz.o(x$fpl$dfltu)
    __aeabi_cdcmple                          0x08008801   Thumb Code     0  dleqf.o(x$fpl$dleqf)
    _dcmple                                  0x08008801   Thumb Code   120  dleqf.o(x$fpl$dleqf)
    __fpl_dcmple_InfNaN                      0x08008863   Thumb Code     0  dleqf.o(x$fpl$dleqf)
    __aeabi_dmul                             0x08008879   Thumb Code     0  dmul.o(x$fpl$dmul)
    _dmul                                    0x08008879   Thumb Code   332  dmul.o(x$fpl$dmul)
    __fpl_dnaninf                            0x080089cd   Thumb Code   156  dnaninf.o(x$fpl$dnaninf)
    __fpl_dretinf                            0x08008a69   Thumb Code    12  dretinf.o(x$fpl$dretinf)
    __aeabi_cdrcmple                         0x08008a75   Thumb Code     0  drleqf.o(x$fpl$drleqf)
    _drcmple                                 0x08008a75   Thumb Code   108  drleqf.o(x$fpl$drleqf)
    __aeabi_dsub                             0x08008ae1   Thumb Code     0  daddsub_clz.o(x$fpl$dsub)
    _dsub                                    0x08008ae1   Thumb Code   464  daddsub_clz.o(x$fpl$dsub)
    __aeabi_f2d                              0x08008cb5   Thumb Code     0  f2d.o(x$fpl$f2d)
    _f2d                                     0x08008cb5   Thumb Code    86  f2d.o(x$fpl$f2d)
    __fpl_fnaninf                            0x08008d0b   Thumb Code   140  fnaninf.o(x$fpl$fnaninf)
    _fp_init                                 0x08008d97   Thumb Code    10  fpinit.o(x$fpl$fpinit)
    __fplib_config_fpu_vfp                   0x08008d9f   Thumb Code     0  fpinit.o(x$fpl$fpinit)
    __fplib_config_pureend_doubles           0x08008d9f   Thumb Code     0  fpinit.o(x$fpl$fpinit)
    __fpl_fretinf                            0x08008da1   Thumb Code    10  fretinf.o(x$fpl$fretinf)
    _printf_fp_dec                           0x08008dab   Thumb Code     4  printf1.o(x$fpl$printf1)
    _printf_fp_hex                           0x08008daf   Thumb Code     4  printf2.o(x$fpl$printf2)
    UARTPrescTable                           0x08008db2   Data          24  stm32g4xx_hal_uart.o(.constdata)
    __I$use$fp                               0x08008db2   Number         0  usenofp.o(x$fpl$usenofp)
    AHBPrescTable                            0x08008dda   Data          16  system_stm32g4xx.o(.constdata)
    APBPrescTable                            0x08008dea   Data           8  system_stm32g4xx.o(.constdata)
    CALIB_FACTORS                            0x08008df8   Data          40  esp8266.o(.constdata)
    ASCII_Table                              0x08008e20   Data        4560  lcd.o(.constdata)
    Region$$Table$$Base                      0x0800a384   Number         0  anon$$obj.o(Region$$Table)
    Region$$Table$$Limit                     0x0800a3a4   Number         0  anon$$obj.o(Region$$Table)
    __ctype                                  0x0800a3cd   Data           0  lc_ctype_c.o(locale$$data)
    dataPtr                                  0x20000000   Data           4  main.o(.data)
    key_tick                                 0x20000004   Data           4  stm32g4xx_it.o(.data)
    uwTickPrio                               0x20000008   Data           4  stm32g4xx_hal.o(.data)
    uwTickFreq                               0x2000000c   Data           4  stm32g4xx_hal.o(.data)
    uwTick                                   0x20000010   Data           4  stm32g4xx_hal.o(.data)
    SystemCoreClock                          0x20000014   Data           4  system_stm32g4xx.o(.data)
    humi                                     0x20000018   Data           1  dht11.o(.data)
    humi_dec                                 0x20000019   Data           1  dht11.o(.data)
    temp                                     0x2000001a   Data           1  dht11.o(.data)
    temp_dec                                 0x2000001b   Data           1  dht11.o(.data)
    dht_tick                                 0x2000001c   Data           2  dht11.o(.data)
    data                                     0x2000001e   Data           5  dht11.o(.data)
    interface                                0x20000024   Data           1  esp8266.o(.data)
    rx_flag                                  0x20000025   Data           1  esp8266.o(.data)
    exch                                     0x20000026   Data           1  esp8266.o(.data)
    motor_duty                               0x20000027   Data           1  esp8266.o(.data)
    aRxBuffer                                0x20000028   Data           1  esp8266.o(.data)
    temp_hh                                  0x2000002a   Data           2  esp8266.o(.data)
    ill_ll                                   0x2000002c   Data           2  esp8266.o(.data)
    pub_tick                                 0x2000002e   Data           2  esp8266.o(.data)
    ESP01S_cnt                               0x20000030   Data           2  esp8266.o(.data)
    ESP01S_cntPre                            0x20000032   Data           2  esp8266.o(.data)
    ill                                      0x20000034   Data           2  esp8266.o(.data)
    rx_index                                 0x20000036   Data           2  esp8266.o(.data)
    ClintID                                  0x20000038   Data           4  esp8266.o(.data)
    username                                 0x2000003c   Data           4  esp8266.o(.data)
    passwd                                   0x20000040   Data           4  esp8266.o(.data)
    Url                                      0x20000044   Data           4  esp8266.o(.data)
    pubtopic                                 0x20000048   Data           4  esp8266.o(.data)
    subtopic                                 0x2000004c   Data           4  esp8266.o(.data)
    sub2topic                                0x20000050   Data           4  esp8266.o(.data)
    ADC_Value                                0x20000054   Data           4  esp8266.o(.data)
    func                                     0x20000058   Data          28  esp8266.o(.data)
    aqi                                      0x20000074   Data          10  esp8266.o(.data)
    dummy                                    0x20000082   Data           2  lcd.o(.data)
    hadc1                                    0x20000084   Data         108  adc.o(.bss)
    htim16                                   0x200000f0   Data          76  tim.o(.bss)
    huart1                                   0x2000013c   Data         148  usart.o(.bss)
    huart2                                   0x200001d0   Data         148  usart.o(.bss)
    huart3                                   0x20000264   Data         148  usart.o(.bss)
    dht11_buf                                0x200002f8   Data          50  dht11.o(.bss)
    V_Value                                  0x20000330   Data          16  esp8266.o(.bss)
    ESP01S_buf                               0x20000340   Data        1024  esp8266.o(.bss)
    buf                                      0x20000740   Data          25  esp8266.o(.bss)
    cmdBuf                                   0x20000759   Data        1024  esp8266.o(.bss)
    key                                      0x20000b5c   Data          80  esp8266.o(.bss)
    rx_buf                                   0x20000bac   Data        1024  esp8266.o(.bss)
    __libspace_start                         0x20000fac   Data          96  libspace.o(.bss)
    __temporary_stack_top$libspace           0x2000100c   Data           0  libspace.o(.bss)



==============================================================================

Memory Map of the image

  Image Entry point : 0x080001d9

  Load Region LR_IROM1 (Base: 0x08000000, Size: 0x0000a554, Max: 0x00020000, ABSOLUTE)

    Execution Region ER_IROM1 (Exec base: 0x08000000, Load base: 0x08000000, Size: 0x0000a4d0, Max: 0x00020000, ABSOLUTE)

    Exec Addr    Load Addr    Size         Type   Attr      Idx    E Section Name        Object

    0x08000000   0x08000000   0x000001d8   Data   RO            3    RESET               startup_stm32g431xx.o
    0x080001d8   0x080001d8   0x00000008   Code   RO         4780  * !!!main             c_w.l(__main.o)
    0x080001e0   0x080001e0   0x00000034   Code   RO         5124    !!!scatter          c_w.l(__scatter.o)
    0x08000214   0x08000214   0x0000001a   Code   RO         5126    !!handler_copy      c_w.l(__scatter_copy.o)
    0x0800022e   0x0800022e   0x00000002   PAD
    0x08000230   0x08000230   0x0000001c   Code   RO         5128    !!handler_zi        c_w.l(__scatter_zi.o)
    0x0800024c   0x0800024c   0x00000000   Code   RO         4763    .ARM.Collect$$_printf_percent$$00000000  c_w.l(_printf_percent.o)
    0x0800024c   0x0800024c   0x00000006   Code   RO         4866    .ARM.Collect$$_printf_percent$$00000001  c_w.l(_printf_n.o)
    0x08000252   0x08000252   0x00000006   Code   RO         4868    .ARM.Collect$$_printf_percent$$00000002  c_w.l(_printf_p.o)
    0x08000258   0x08000258   0x00000006   Code   RO         4872    .ARM.Collect$$_printf_percent$$00000003  c_w.l(_printf_f.o)
    0x0800025e   0x0800025e   0x00000006   Code   RO         4873    .ARM.Collect$$_printf_percent$$00000004  c_w.l(_printf_e.o)
    0x08000264   0x08000264   0x00000006   Code   RO         4874    .ARM.Collect$$_printf_percent$$00000005  c_w.l(_printf_g.o)
    0x0800026a   0x0800026a   0x00000006   Code   RO         4875    .ARM.Collect$$_printf_percent$$00000006  c_w.l(_printf_a.o)
    0x08000270   0x08000270   0x0000000a   Code   RO         4880    .ARM.Collect$$_printf_percent$$00000007  c_w.l(_printf_ll.o)
    0x0800027a   0x0800027a   0x00000006   Code   RO         4870    .ARM.Collect$$_printf_percent$$00000008  c_w.l(_printf_i.o)
    0x08000280   0x08000280   0x00000006   Code   RO         4762    .ARM.Collect$$_printf_percent$$00000009  c_w.l(_printf_d.o)
    0x08000286   0x08000286   0x00000006   Code   RO         4871    .ARM.Collect$$_printf_percent$$0000000A  c_w.l(_printf_u.o)
    0x0800028c   0x0800028c   0x00000006   Code   RO         4869    .ARM.Collect$$_printf_percent$$0000000B  c_w.l(_printf_o.o)
    0x08000292   0x08000292   0x00000006   Code   RO         4867    .ARM.Collect$$_printf_percent$$0000000C  c_w.l(_printf_x.o)
    0x08000298   0x08000298   0x00000006   Code   RO         4877    .ARM.Collect$$_printf_percent$$0000000D  c_w.l(_printf_lli.o)
    0x0800029e   0x0800029e   0x00000006   Code   RO         4878    .ARM.Collect$$_printf_percent$$0000000E  c_w.l(_printf_lld.o)
    0x080002a4   0x080002a4   0x00000006   Code   RO         4879    .ARM.Collect$$_printf_percent$$0000000F  c_w.l(_printf_llu.o)
    0x080002aa   0x080002aa   0x00000006   Code   RO         4884    .ARM.Collect$$_printf_percent$$00000010  c_w.l(_printf_llo.o)
    0x080002b0   0x080002b0   0x00000006   Code   RO         4885    .ARM.Collect$$_printf_percent$$00000011  c_w.l(_printf_llx.o)
    0x080002b6   0x080002b6   0x0000000a   Code   RO         4881    .ARM.Collect$$_printf_percent$$00000012  c_w.l(_printf_l.o)
    0x080002c0   0x080002c0   0x00000006   Code   RO         4865    .ARM.Collect$$_printf_percent$$00000013  c_w.l(_printf_c.o)
    0x080002c6   0x080002c6   0x00000006   Code   RO         4761    .ARM.Collect$$_printf_percent$$00000014  c_w.l(_printf_s.o)
    0x080002cc   0x080002cc   0x00000006   Code   RO         4882    .ARM.Collect$$_printf_percent$$00000015  c_w.l(_printf_lc.o)
    0x080002d2   0x080002d2   0x00000006   Code   RO         4883    .ARM.Collect$$_printf_percent$$00000016  c_w.l(_printf_ls.o)
    0x080002d8   0x080002d8   0x00000004   Code   RO         4876    .ARM.Collect$$_printf_percent$$00000017  c_w.l(_printf_percent_end.o)
    0x080002dc   0x080002dc   0x00000002   Code   RO         4985    .ARM.Collect$$libinit$$00000000  c_w.l(libinit.o)
    0x080002de   0x080002de   0x00000004   Code   RO         5004    .ARM.Collect$$libinit$$00000001  c_w.l(libinit2.o)
    0x080002e2   0x080002e2   0x00000000   Code   RO         5007    .ARM.Collect$$libinit$$00000004  c_w.l(libinit2.o)
    0x080002e2   0x080002e2   0x00000000   Code   RO         5010    .ARM.Collect$$libinit$$0000000A  c_w.l(libinit2.o)
    0x080002e2   0x080002e2   0x00000000   Code   RO         5012    .ARM.Collect$$libinit$$0000000C  c_w.l(libinit2.o)
    0x080002e2   0x080002e2   0x00000000   Code   RO         5014    .ARM.Collect$$libinit$$0000000E  c_w.l(libinit2.o)
    0x080002e2   0x080002e2   0x00000006   Code   RO         5015    .ARM.Collect$$libinit$$0000000F  c_w.l(libinit2.o)
    0x080002e8   0x080002e8   0x00000000   Code   RO         5017    .ARM.Collect$$libinit$$00000011  c_w.l(libinit2.o)
    0x080002e8   0x080002e8   0x0000000c   Code   RO         5018    .ARM.Collect$$libinit$$00000012  c_w.l(libinit2.o)
    0x080002f4   0x080002f4   0x00000000   Code   RO         5019    .ARM.Collect$$libinit$$00000013  c_w.l(libinit2.o)
    0x080002f4   0x080002f4   0x00000000   Code   RO         5021    .ARM.Collect$$libinit$$00000015  c_w.l(libinit2.o)
    0x080002f4   0x080002f4   0x0000000a   Code   RO         5022    .ARM.Collect$$libinit$$00000016  c_w.l(libinit2.o)
    0x080002fe   0x080002fe   0x00000000   Code   RO         5023    .ARM.Collect$$libinit$$00000017  c_w.l(libinit2.o)
    0x080002fe   0x080002fe   0x00000000   Code   RO         5025    .ARM.Collect$$libinit$$00000019  c_w.l(libinit2.o)
    0x080002fe   0x080002fe   0x00000000   Code   RO         5027    .ARM.Collect$$libinit$$0000001B  c_w.l(libinit2.o)
    0x080002fe   0x080002fe   0x00000000   Code   RO         5029    .ARM.Collect$$libinit$$0000001D  c_w.l(libinit2.o)
    0x080002fe   0x080002fe   0x00000000   Code   RO         5031    .ARM.Collect$$libinit$$0000001F  c_w.l(libinit2.o)
    0x080002fe   0x080002fe   0x00000000   Code   RO         5033    .ARM.Collect$$libinit$$00000021  c_w.l(libinit2.o)
    0x080002fe   0x080002fe   0x00000000   Code   RO         5035    .ARM.Collect$$libinit$$00000023  c_w.l(libinit2.o)
    0x080002fe   0x080002fe   0x00000000   Code   RO         5037    .ARM.Collect$$libinit$$00000025  c_w.l(libinit2.o)
    0x080002fe   0x080002fe   0x00000000   Code   RO         5041    .ARM.Collect$$libinit$$0000002C  c_w.l(libinit2.o)
    0x080002fe   0x080002fe   0x00000000   Code   RO         5043    .ARM.Collect$$libinit$$0000002E  c_w.l(libinit2.o)
    0x080002fe   0x080002fe   0x00000000   Code   RO         5045    .ARM.Collect$$libinit$$00000030  c_w.l(libinit2.o)
    0x080002fe   0x080002fe   0x00000000   Code   RO         5047    .ARM.Collect$$libinit$$00000032  c_w.l(libinit2.o)
    0x080002fe   0x080002fe   0x00000002   Code   RO         5048    .ARM.Collect$$libinit$$00000033  c_w.l(libinit2.o)
    0x08000300   0x08000300   0x00000002   Code   RO         5079    .ARM.Collect$$libshutdown$$00000000  c_w.l(libshutdown.o)
    0x08000302   0x08000302   0x00000000   Code   RO         5105    .ARM.Collect$$libshutdown$$00000002  c_w.l(libshutdown2.o)
    0x08000302   0x08000302   0x00000000   Code   RO         5107    .ARM.Collect$$libshutdown$$00000004  c_w.l(libshutdown2.o)
    0x08000302   0x08000302   0x00000000   Code   RO         5109    .ARM.Collect$$libshutdown$$00000006  c_w.l(libshutdown2.o)
    0x08000302   0x08000302   0x00000000   Code   RO         5112    .ARM.Collect$$libshutdown$$00000009  c_w.l(libshutdown2.o)
    0x08000302   0x08000302   0x00000000   Code   RO         5115    .ARM.Collect$$libshutdown$$0000000C  c_w.l(libshutdown2.o)
    0x08000302   0x08000302   0x00000000   Code   RO         5117    .ARM.Collect$$libshutdown$$0000000E  c_w.l(libshutdown2.o)
    0x08000302   0x08000302   0x00000000   Code   RO         5120    .ARM.Collect$$libshutdown$$00000011  c_w.l(libshutdown2.o)
    0x08000302   0x08000302   0x00000002   Code   RO         5121    .ARM.Collect$$libshutdown$$00000012  c_w.l(libshutdown2.o)
    0x08000304   0x08000304   0x00000000   Code   RO         4812    .ARM.Collect$$rtentry$$00000000  c_w.l(__rtentry.o)
    0x08000304   0x08000304   0x00000000   Code   RO         4906    .ARM.Collect$$rtentry$$00000002  c_w.l(__rtentry2.o)
    0x08000304   0x08000304   0x00000006   Code   RO         4918    .ARM.Collect$$rtentry$$00000004  c_w.l(__rtentry4.o)
    0x0800030a   0x0800030a   0x00000000   Code   RO         4908    .ARM.Collect$$rtentry$$00000009  c_w.l(__rtentry2.o)
    0x0800030a   0x0800030a   0x00000004   Code   RO         4909    .ARM.Collect$$rtentry$$0000000A  c_w.l(__rtentry2.o)
    0x0800030e   0x0800030e   0x00000000   Code   RO         4911    .ARM.Collect$$rtentry$$0000000C  c_w.l(__rtentry2.o)
    0x0800030e   0x0800030e   0x00000008   Code   RO         4912    .ARM.Collect$$rtentry$$0000000D  c_w.l(__rtentry2.o)
    0x08000316   0x08000316   0x00000002   Code   RO         4993    .ARM.Collect$$rtexit$$00000000  c_w.l(rtexit.o)
    0x08000318   0x08000318   0x00000000   Code   RO         5052    .ARM.Collect$$rtexit$$00000002  c_w.l(rtexit2.o)
    0x08000318   0x08000318   0x00000004   Code   RO         5053    .ARM.Collect$$rtexit$$00000003  c_w.l(rtexit2.o)
    0x0800031c   0x0800031c   0x00000006   Code   RO         5054    .ARM.Collect$$rtexit$$00000004  c_w.l(rtexit2.o)
    0x08000322   0x08000322   0x00000002   PAD
    0x08000324   0x08000324   0x00000040   Code   RO            4    .text               startup_stm32g431xx.o
    0x08000364   0x08000364   0x000000ee   Code   RO         4723    .text               c_w.l(lludivv7m.o)
    0x08000452   0x08000452   0x00000002   PAD
    0x08000454   0x08000454   0x00000034   Code   RO         4725    .text               c_w.l(vsnprintf.o)
    0x08000488   0x08000488   0x0000002c   Code   RO         4727    .text               c_w.l(__2sprintf.o)
    0x080004b4   0x080004b4   0x00000038   Code   RO         4729    .text               c_w.l(__2snprintf.o)
    0x080004ec   0x080004ec   0x00000052   Code   RO         4737    .text               c_w.l(_printf_str.o)
    0x0800053e   0x0800053e   0x00000002   PAD
    0x08000540   0x08000540   0x00000078   Code   RO         4739    .text               c_w.l(_printf_dec.o)
    0x080005b8   0x080005b8   0x00000188   Code   RO         4758    .text               c_w.l(__printf_flags_ss_wp.o)
    0x08000740   0x08000740   0x00000014   Code   RO         4764    .text               c_w.l(strchr.o)
    0x08000754   0x08000754   0x00000024   Code   RO         4766    .text               c_w.l(strstr.o)
    0x08000778   0x08000778   0x0000003e   Code   RO         4768    .text               c_w.l(strlen.o)
    0x080007b6   0x080007b6   0x00000064   Code   RO         4770    .text               c_w.l(rt_memcpy_w.o)
    0x0800081a   0x0800081a   0x00000044   Code   RO         4772    .text               c_w.l(rt_memclr.o)
    0x0800085e   0x0800085e   0x0000004e   Code   RO         4774    .text               c_w.l(rt_memclr_w.o)
    0x080008ac   0x080008ac   0x00000080   Code   RO         4776    .text               c_w.l(strcmpv7m.o)
    0x0800092c   0x0800092c   0x00000006   Code   RO         4778    .text               c_w.l(heapauxi.o)
    0x08000932   0x08000932   0x0000004e   Code   RO         4817    .text               c_w.l(_printf_pad.o)
    0x08000980   0x08000980   0x00000024   Code   RO         4819    .text               c_w.l(_printf_truncate.o)
    0x080009a4   0x080009a4   0x000000b2   Code   RO         4821    .text               c_w.l(_printf_intcommon.o)
    0x08000a56   0x08000a56   0x00000028   Code   RO         4823    .text               c_w.l(_printf_charcount.o)
    0x08000a7e   0x08000a7e   0x00000002   PAD
    0x08000a80   0x08000a80   0x00000030   Code   RO         4825    .text               c_w.l(_printf_char_common.o)
    0x08000ab0   0x08000ab0   0x0000000a   Code   RO         4827    .text               c_w.l(_sputc.o)
    0x08000aba   0x08000aba   0x00000010   Code   RO         4829    .text               c_w.l(_snputc.o)
    0x08000aca   0x08000aca   0x0000002c   Code   RO         4831    .text               c_w.l(_printf_char.o)
    0x08000af6   0x08000af6   0x00000002   PAD
    0x08000af8   0x08000af8   0x000000bc   Code   RO         4833    .text               c_w.l(_printf_wctomb.o)
    0x08000bb4   0x08000bb4   0x0000007c   Code   RO         4836    .text               c_w.l(_printf_longlong_dec.o)
    0x08000c30   0x08000c30   0x00000070   Code   RO         4842    .text               c_w.l(_printf_oct_int_ll.o)
    0x08000ca0   0x08000ca0   0x00000094   Code   RO         4862    .text               c_w.l(_printf_hex_int_ll_ptr.o)
    0x08000d34   0x08000d34   0x0000008a   Code   RO         4922    .text               c_w.l(lludiv10.o)
    0x08000dbe   0x08000dbe   0x0000041e   Code   RO         4924    .text               c_w.l(_printf_fp_dec.o)
    0x080011dc   0x080011dc   0x000002fc   Code   RO         4926    .text               c_w.l(_printf_fp_hex.o)
    0x080014d8   0x080014d8   0x0000002c   Code   RO         4931    .text               c_w.l(_printf_wchar.o)
    0x08001504   0x08001504   0x00000040   Code   RO         4933    .text               c_w.l(_wcrtomb.o)
    0x08001544   0x08001544   0x0000004a   Code   RO         4935    .text               c_w.l(sys_stackheap_outer.o)
    0x0800158e   0x0800158e   0x00000002   PAD
    0x08001590   0x08001590   0x00000010   Code   RO         4937    .text               c_w.l(rt_ctype_table.o)
    0x080015a0   0x080015a0   0x00000008   Code   RO         4942    .text               c_w.l(rt_locale_intlibspace.o)
    0x080015a8   0x080015a8   0x00000080   Code   RO         4944    .text               c_w.l(_printf_fp_infnan.o)
    0x08001628   0x08001628   0x000000e4   Code   RO         4946    .text               c_w.l(bigflt0.o)
    0x0800170c   0x0800170c   0x00000012   Code   RO         4974    .text               c_w.l(exit.o)
    0x0800171e   0x0800171e   0x00000002   PAD
    0x08001720   0x08001720   0x00000008   Code   RO         4990    .text               c_w.l(libspace.o)
    0x08001728   0x08001728   0x0000000c   Code   RO         5049    .text               c_w.l(sys_exit.o)
    0x08001734   0x08001734   0x00000002   Code   RO         5068    .text               c_w.l(use_no_semi.o)
    0x08001736   0x08001736   0x00000000   Code   RO         5070    .text               c_w.l(indicate_semi.o)
    0x08001736   0x08001736   0x0000003e   Code   RO         4949    CL$$btod_d2e        c_w.l(btod.o)
    0x08001774   0x08001774   0x00000046   Code   RO         4951    CL$$btod_d2e_denorm_low  c_w.l(btod.o)
    0x080017ba   0x080017ba   0x00000060   Code   RO         4950    CL$$btod_d2e_norm_op1  c_w.l(btod.o)
    0x0800181a   0x0800181a   0x00000338   Code   RO         4959    CL$$btod_div_common  c_w.l(btod.o)
    0x08001b52   0x08001b52   0x000000dc   Code   RO         4956    CL$$btod_e2e        c_w.l(btod.o)
    0x08001c2e   0x08001c2e   0x0000002a   Code   RO         4953    CL$$btod_ediv       c_w.l(btod.o)
    0x08001c58   0x08001c58   0x0000002a   Code   RO         4952    CL$$btod_emul       c_w.l(btod.o)
    0x08001c82   0x08001c82   0x00000244   Code   RO         4958    CL$$btod_mult_common  c_w.l(btod.o)
    0x08001ec6   0x08001ec6   0x00000002   PAD
    0x08001ec8   0x08001ec8   0x000000ac   Code   RO          525    i.ADC_Enable        stm32g4xx_hal_adc.o
    0x08001f74   0x08001f74   0x00000002   Code   RO          405    i.BusFault_Handler  stm32g4xx_it.o
    0x08001f76   0x08001f76   0x00000002   PAD
    0x08001f78   0x08001f78   0x0000001c   Code   RO         4193    i.Coarse_delay_us   dht11.o
    0x08001f94   0x08001f94   0x000000e4   Code   RO         4194    i.DHT11             dht11.o
    0x08002078   0x08002078   0x00000020   Code   RO         4195    i.DHT11_Check       dht11.o
    0x08002098   0x08002098   0x00000034   Code   RO         4196    i.DHT11_GPIO_MODE_SET  dht11.o
    0x080020cc   0x080020cc   0x0000003c   Code   RO         4197    i.DHT11_READ_BIT    dht11.o
    0x08002108   0x08002108   0x00000020   Code   RO         4198    i.DHT11_READ_BYTE   dht11.o
    0x08002128   0x08002128   0x000000c8   Code   RO         4199    i.DHT11_READ_DATA   dht11.o
    0x080021f0   0x080021f0   0x00000028   Code   RO         4200    i.DHT11_START       dht11.o
    0x08002218   0x08002218   0x00000002   Code   RO          406    i.DebugMon_Handler  stm32g4xx_it.o
    0x0800221a   0x0800221a   0x0000001c   Code   RO         4475    i.Delay_LCD         lcd.o
    0x08002236   0x08002236   0x00000002   PAD
    0x08002238   0x08002238   0x0000001c   Code   RO         4290    i.ESP01S_Clear      esp8266.o
    0x08002254   0x08002254   0x00000858   Code   RO         4291    i.ESP01S_Init       esp8266.o
    0x08002aac   0x08002aac   0x000000b4   Code   RO         4292    i.ESP01S_SendCmd    esp8266.o
    0x08002b60   0x08002b60   0x00000020   Code   RO         4293    i.ESP01S_WaitRecive  esp8266.o
    0x08002b80   0x08002b80   0x000003cc   Code   RO         4294    i.ESP8266_GetCMD    esp8266.o
    0x08002f4c   0x08002f4c   0x000000d0   Code   RO         4295    i.ESP8266_GetIPD    esp8266.o
    0x0800301c   0x0800301c   0x00000004   Code   RO           13    i.Error_Handler     main.o
    0x08003020   0x08003020   0x00000298   Code   RO         4296    i.Esp_PUB           esp8266.o
    0x080032b8   0x080032b8   0x000000d8   Code   RO          775    i.HAL_ADCEx_MultiModeConfigChannel  stm32g4xx_hal_adc_ex.o
    0x08003390   0x08003390   0x00000424   Code   RO          527    i.HAL_ADC_ConfigChannel  stm32g4xx_hal_adc.o
    0x080037b4   0x080037b4   0x00000006   Code   RO          534    i.HAL_ADC_GetValue  stm32g4xx_hal_adc.o
    0x080037ba   0x080037ba   0x00000002   PAD
    0x080037bc   0x080037bc   0x000001f4   Code   RO          536    i.HAL_ADC_Init      stm32g4xx_hal_adc.o
    0x080039b0   0x080039b0   0x00000078   Code   RO          243    i.HAL_ADC_MspInit   adc.o
    0x08003a28   0x08003a28   0x000000fc   Code   RO          540    i.HAL_ADC_PollForConversion  stm32g4xx_hal_adc.o
    0x08003b24   0x08003b24   0x000000f4   Code   RO          542    i.HAL_ADC_Start     stm32g4xx_hal_adc.o
    0x08003c18   0x08003c18   0x0000006a   Code   RO         1821    i.HAL_DMA_Abort     stm32g4xx_hal_dma.o
    0x08003c82   0x08003c82   0x00000078   Code   RO         1822    i.HAL_DMA_Abort_IT  stm32g4xx_hal_dma.o
    0x08003cfa   0x08003cfa   0x00000002   PAD
    0x08003cfc   0x08003cfc   0x00000024   Code   RO          974    i.HAL_Delay         stm32g4xx_hal.o
    0x08003d20   0x08003d20   0x00000248   Code   RO         1683    i.HAL_GPIO_Init     stm32g4xx_hal_gpio.o
    0x08003f68   0x08003f68   0x0000000a   Code   RO         1685    i.HAL_GPIO_ReadPin  stm32g4xx_hal_gpio.o
    0x08003f72   0x08003f72   0x00000010   Code   RO         1686    i.HAL_GPIO_TogglePin  stm32g4xx_hal_gpio.o
    0x08003f82   0x08003f82   0x0000000a   Code   RO         1687    i.HAL_GPIO_WritePin  stm32g4xx_hal_gpio.o
    0x08003f8c   0x08003f8c   0x0000000c   Code   RO          978    i.HAL_GetTick       stm32g4xx_hal.o
    0x08003f98   0x08003f98   0x00000010   Code   RO          984    i.HAL_IncTick       stm32g4xx_hal.o
    0x08003fa8   0x08003fa8   0x0000001e   Code   RO          985    i.HAL_Init          stm32g4xx_hal.o
    0x08003fc6   0x08003fc6   0x00000002   PAD
    0x08003fc8   0x08003fc8   0x00000044   Code   RO          986    i.HAL_InitTick      stm32g4xx_hal.o
    0x0800400c   0x0800400c   0x00000030   Code   RO          496    i.HAL_MspInit       stm32g4xx_hal_msp.o
    0x0800403c   0x0800403c   0x0000001a   Code   RO         2332    i.HAL_NVIC_EnableIRQ  stm32g4xx_hal_cortex.o
    0x08004056   0x08004056   0x00000002   PAD
    0x08004058   0x08004058   0x00000040   Code   RO         2338    i.HAL_NVIC_SetPriority  stm32g4xx_hal_cortex.o
    0x08004098   0x08004098   0x00000024   Code   RO         2339    i.HAL_NVIC_SetPriorityGrouping  stm32g4xx_hal_cortex.o
    0x080040bc   0x080040bc   0x000000bc   Code   RO         2086    i.HAL_PWREx_ControlVoltageScaling  stm32g4xx_hal_pwr_ex.o
    0x08004178   0x08004178   0x00000010   Code   RO         2098    i.HAL_PWREx_DisableUCPDDeadBattery  stm32g4xx_hal_pwr_ex.o
    0x08004188   0x08004188   0x00000288   Code   RO         1345    i.HAL_RCCEx_PeriphCLKConfig  stm32g4xx_hal_rcc_ex.o
    0x08004410   0x08004410   0x000001dc   Code   RO         1220    i.HAL_RCC_ClockConfig  stm32g4xx_hal_rcc.o
    0x080045ec   0x080045ec   0x0000000c   Code   RO         1226    i.HAL_RCC_GetHCLKFreq  stm32g4xx_hal_rcc.o
    0x080045f8   0x080045f8   0x00000024   Code   RO         1228    i.HAL_RCC_GetPCLK1Freq  stm32g4xx_hal_rcc.o
    0x0800461c   0x0800461c   0x00000024   Code   RO         1229    i.HAL_RCC_GetPCLK2Freq  stm32g4xx_hal_rcc.o
    0x08004640   0x08004640   0x00000070   Code   RO         1230    i.HAL_RCC_GetSysClockFreq  stm32g4xx_hal_rcc.o
    0x080046b0   0x080046b0   0x00000404   Code   RO         1233    i.HAL_RCC_OscConfig  stm32g4xx_hal_rcc.o
    0x08004ab4   0x08004ab4   0x00000028   Code   RO         2343    i.HAL_SYSTICK_Config  stm32g4xx_hal_cortex.o
    0x08004adc   0x08004adc   0x0000009c   Code   RO         3193    i.HAL_TIMEx_ConfigBreakDeadTime  stm32g4xx_hal_tim_ex.o
    0x08004b78   0x08004b78   0x00000062   Code   RO         2474    i.HAL_TIM_Base_Init  stm32g4xx_hal_tim.o
    0x08004bda   0x08004bda   0x00000002   PAD
    0x08004bdc   0x08004bdc   0x00000028   Code   RO          285    i.HAL_TIM_Base_MspInit  tim.o
    0x08004c04   0x08004c04   0x00000054   Code   RO          286    i.HAL_TIM_MspPostInit  tim.o
    0x08004c58   0x08004c58   0x00000124   Code   RO         2546    i.HAL_TIM_PWM_ConfigChannel  stm32g4xx_hal_tim.o
    0x08004d7c   0x08004d7c   0x00000062   Code   RO         2549    i.HAL_TIM_PWM_Init  stm32g4xx_hal_tim.o
    0x08004dde   0x08004dde   0x00000002   Code   RO         2551    i.HAL_TIM_PWM_MspInit  stm32g4xx_hal_tim.o
    0x08004de0   0x08004de0   0x000000fc   Code   RO         2554    i.HAL_TIM_PWM_Start  stm32g4xx_hal_tim.o
    0x08004edc   0x08004edc   0x0000003e   Code   RO         4037    i.HAL_UARTEx_DisableFifoMode  stm32g4xx_hal_uart_ex.o
    0x08004f1a   0x08004f1a   0x00000002   Code   RO         3626    i.HAL_UARTEx_RxEventCallback  stm32g4xx_hal_uart.o
    0x08004f1c   0x08004f1c   0x00000002   Code   RO         4045    i.HAL_UARTEx_RxFifoFullCallback  stm32g4xx_hal_uart_ex.o
    0x08004f1e   0x08004f1e   0x0000004c   Code   RO         4046    i.HAL_UARTEx_SetRxFifoThreshold  stm32g4xx_hal_uart_ex.o
    0x08004f6a   0x08004f6a   0x0000004c   Code   RO         4047    i.HAL_UARTEx_SetTxFifoThreshold  stm32g4xx_hal_uart_ex.o
    0x08004fb6   0x08004fb6   0x00000002   Code   RO         4049    i.HAL_UARTEx_TxFifoEmptyCallback  stm32g4xx_hal_uart_ex.o
    0x08004fb8   0x08004fb8   0x00000002   Code   RO         4050    i.HAL_UARTEx_WakeupCallback  stm32g4xx_hal_uart_ex.o
    0x08004fba   0x08004fba   0x00000002   Code   RO         3642    i.HAL_UART_ErrorCallback  stm32g4xx_hal_uart.o
    0x08004fbc   0x08004fbc   0x0000031c   Code   RO         3645    i.HAL_UART_IRQHandler  stm32g4xx_hal_uart.o
    0x080052d8   0x080052d8   0x0000006a   Code   RO         3646    i.HAL_UART_Init     stm32g4xx_hal_uart.o
    0x08005342   0x08005342   0x00000002   PAD
    0x08005344   0x08005344   0x00000148   Code   RO          333    i.HAL_UART_MspInit  usart.o
    0x0800548c   0x0800548c   0x00000048   Code   RO         3651    i.HAL_UART_Receive_IT  stm32g4xx_hal_uart.o
    0x080054d4   0x080054d4   0x00000064   Code   RO         4297    i.HAL_UART_RxCpltCallback  esp8266.o
    0x08005538   0x08005538   0x000000ae   Code   RO         3655    i.HAL_UART_Transmit  stm32g4xx_hal_uart.o
    0x080055e6   0x080055e6   0x00000002   Code   RO         3658    i.HAL_UART_TxCpltCallback  stm32g4xx_hal_uart.o
    0x080055e8   0x080055e8   0x00000002   Code   RO          407    i.HardFault_Handler  stm32g4xx_it.o
    0x080055ea   0x080055ea   0x00000008   Code   RO         4682    i.KeyClearEvent     key.o
    0x080055f2   0x080055f2   0x00000004   Code   RO         4683    i.KeyGetEvent       key.o
    0x080055f6   0x080055f6   0x00000002   PAD
    0x080055f8   0x080055f8   0x0000002c   Code   RO         4476    i.LCD_BusIn         lcd.o
    0x08005624   0x08005624   0x00000030   Code   RO         4477    i.LCD_BusOut        lcd.o
    0x08005654   0x08005654   0x00000034   Code   RO         4478    i.LCD_Clear         lcd.o
    0x08005688   0x08005688   0x00000090   Code   RO         4480    i.LCD_CtrlLinesConfig  lcd.o
    0x08005718   0x08005718   0x00000018   Code   RO         4481    i.LCD_DisplayChar   lcd.o
    0x08005730   0x08005730   0x00000040   Code   RO         4484    i.LCD_DisplayStringLine  lcd.o
    0x08005770   0x08005770   0x00000058   Code   RO         4485    i.LCD_DrawChar      lcd.o
    0x080057c8   0x080057c8   0x00000040   Code   RO         4491    i.LCD_Init          lcd.o
    0x08005808   0x08005808   0x00000080   Code   RO         4494    i.LCD_ReadReg       lcd.o
    0x08005888   0x08005888   0x00000010   Code   RO         4495    i.LCD_SetBackColor  lcd.o
    0x08005898   0x08005898   0x00000018   Code   RO         4496    i.LCD_SetCursor     lcd.o
    0x080058b0   0x080058b0   0x00000010   Code   RO         4498    i.LCD_SetTextColor  lcd.o
    0x080058c0   0x080058c0   0x00000058   Code   RO         4501    i.LCD_WriteRAM      lcd.o
    0x08005918   0x08005918   0x0000005c   Code   RO         4502    i.LCD_WriteRAM_Prepare  lcd.o
    0x08005974   0x08005974   0x0000006c   Code   RO         4503    i.LCD_WriteReg      lcd.o
    0x080059e0   0x080059e0   0x0000000c   Code   RO          550    i.LL_ADC_GetOffsetChannel  stm32g4xx_hal_adc.o
    0x080059ec   0x080059ec   0x00000008   Code   RO          551    i.LL_ADC_INJ_IsConversionOngoing  stm32g4xx_hal_adc.o
    0x080059f4   0x080059f4   0x00000008   Code   RO          552    i.LL_ADC_REG_IsConversionOngoing  stm32g4xx_hal_adc.o
    0x080059fc   0x080059fc   0x00000008   Code   RO          785    i.LL_ADC_REG_IsConversionOngoing  stm32g4xx_hal_adc_ex.o
    0x08005a04   0x08005a04   0x00000010   Code   RO          553    i.LL_ADC_REG_IsTriggerSourceSWStart  stm32g4xx_hal_adc.o
    0x08005a14   0x08005a14   0x0000001e   Code   RO          555    i.LL_ADC_SetChannelSamplingTime  stm32g4xx_hal_adc.o
    0x08005a32   0x08005a32   0x00000010   Code   RO          556    i.LL_ADC_SetOffsetState  stm32g4xx_hal_adc.o
    0x08005a42   0x08005a42   0x00000002   PAD
    0x08005a44   0x08005a44   0x000000b0   Code   RO          244    i.MX_ADC1_Init      adc.o
    0x08005af4   0x08005af4   0x0000011c   Code   RO          218    i.MX_GPIO_Init      gpio.o
    0x08005c10   0x08005c10   0x00000098   Code   RO          287    i.MX_TIM16_Init     tim.o
    0x08005ca8   0x08005ca8   0x00000068   Code   RO          334    i.MX_USART1_UART_Init  usart.o
    0x08005d10   0x08005d10   0x00000068   Code   RO          335    i.MX_USART2_UART_Init  usart.o
    0x08005d78   0x08005d78   0x00000068   Code   RO          336    i.MX_USART3_UART_Init  usart.o
    0x08005de0   0x08005de0   0x00000002   Code   RO          408    i.MemManage_Handler  stm32g4xx_it.o
    0x08005de2   0x08005de2   0x00000002   Code   RO          409    i.NMI_Handler       stm32g4xx_it.o
    0x08005de4   0x08005de4   0x00000002   Code   RO          410    i.PendSV_Handler    stm32g4xx_it.o
    0x08005de6   0x08005de6   0x00000112   Code   RO         4504    i.REG_8230_Init     lcd.o
    0x08005ef8   0x08005ef8   0x00000202   Code   RO         4505    i.REG_932X_Init     lcd.o
    0x080060fa   0x080060fa   0x00000002   Code   RO          411    i.SVC_Handler       stm32g4xx_it.o
    0x080060fc   0x080060fc   0x00000060   Code   RO          412    i.SysTick_Handler   stm32g4xx_it.o
    0x0800615c   0x0800615c   0x00000066   Code   RO           14    i.SystemClock_Config  main.o
    0x080061c2   0x080061c2   0x00000002   PAD
    0x080061c4   0x080061c4   0x00000010   Code   RO         4156    i.SystemInit        system_stm32g4xx.o
    0x080061d4   0x080061d4   0x000000bc   Code   RO         2567    i.TIM_Base_SetConfig  stm32g4xx_hal_tim.o
    0x08006290   0x08006290   0x0000001a   Code   RO         2568    i.TIM_CCxChannelCmd  stm32g4xx_hal_tim.o
    0x080062aa   0x080062aa   0x00000002   PAD
    0x080062ac   0x080062ac   0x0000009c   Code   RO         2580    i.TIM_OC1_SetConfig  stm32g4xx_hal_tim.o
    0x08006348   0x08006348   0x00000090   Code   RO         2581    i.TIM_OC2_SetConfig  stm32g4xx_hal_tim.o
    0x080063d8   0x080063d8   0x00000090   Code   RO         2582    i.TIM_OC3_SetConfig  stm32g4xx_hal_tim.o
    0x08006468   0x08006468   0x00000090   Code   RO         2583    i.TIM_OC4_SetConfig  stm32g4xx_hal_tim.o
    0x080064f8   0x080064f8   0x00000070   Code   RO         2584    i.TIM_OC5_SetConfig  stm32g4xx_hal_tim.o
    0x08006568   0x08006568   0x00000070   Code   RO         2585    i.TIM_OC6_SetConfig  stm32g4xx_hal_tim.o
    0x080065d8   0x080065d8   0x00000044   Code   RO         4051    i.UARTEx_SetNbDataToProcess  stm32g4xx_hal_uart_ex.o
    0x0800661c   0x0800661c   0x000000c8   Code   RO         3660    i.UART_AdvFeatureConfig  stm32g4xx_hal_uart.o
    0x080066e4   0x080066e4   0x000000ac   Code   RO         3661    i.UART_CheckIdleState  stm32g4xx_hal_uart.o
    0x08006790   0x08006790   0x00000010   Code   RO         3662    i.UART_DMAAbortOnError  stm32g4xx_hal_uart.o
    0x080067a0   0x080067a0   0x00000054   Code   RO         3672    i.UART_EndRxTransfer  stm32g4xx_hal_uart.o
    0x080067f4   0x080067f4   0x000000c8   Code   RO         3674    i.UART_RxISR_16BIT  stm32g4xx_hal_uart.o
    0x080068bc   0x080068bc   0x000001a0   Code   RO         3675    i.UART_RxISR_16BIT_FIFOEN  stm32g4xx_hal_uart.o
    0x08006a5c   0x08006a5c   0x000000c8   Code   RO         3676    i.UART_RxISR_8BIT   stm32g4xx_hal_uart.o
    0x08006b24   0x08006b24   0x000001a0   Code   RO         3677    i.UART_RxISR_8BIT_FIFOEN  stm32g4xx_hal_uart.o
    0x08006cc4   0x08006cc4   0x00000274   Code   RO         3678    i.UART_SetConfig    stm32g4xx_hal_uart.o
    0x08006f38   0x08006f38   0x00000110   Code   RO         3680    i.UART_Start_Receive_IT  stm32g4xx_hal_uart.o
    0x08007048   0x08007048   0x00000094   Code   RO         3685    i.UART_WaitOnFlagUntilTimeout  stm32g4xx_hal_uart.o
    0x080070dc   0x080070dc   0x00000068   Code   RO          413    i.USART2_IRQHandler  stm32g4xx_it.o
    0x08007144   0x08007144   0x0000000c   Code   RO          414    i.USART3_IRQHandler  stm32g4xx_it.o
    0x08007150   0x08007150   0x00000002   Code   RO          415    i.UsageFault_Handler  stm32g4xx_it.o
    0x08007152   0x08007152   0x00000002   PAD
    0x08007154   0x08007154   0x00000090   Code   RO          337    i.UsartPrintf       usart.o
    0x080071e4   0x080071e4   0x0000002e   Code   RO          338    i.Usart_SendString  usart.o
    0x08007212   0x08007212   0x00000030   Code   RO         4988    i.__ARM_fpclassify  m_wm.l(fpclassify.o)
    0x08007242   0x08007242   0x00000020   Code   RO         2345    i.__NVIC_SetPriority  stm32g4xx_hal_cortex.o
    0x08007262   0x08007262   0x0000000e   Code   RO         4751    i._is_digit         c_w.l(__printf_wp.o)
    0x08007270   0x08007270   0x00000088   Code   RO         4298    i.all_init          esp8266.o
    0x080072f8   0x080072f8   0x00000100   Code   RO         4299    i.calculateLux      esp8266.o
    0x080073f8   0x080073f8   0x00000014   Code   RO         4684    i.key_init          key.o
    0x0800740c   0x0800740c   0x000001c4   Code   RO         4300    i.key_proc          esp8266.o
    0x080075d0   0x080075d0   0x000000b0   Code   RO         4685    i.key_scan          key.o
    0x08007680   0x08007680   0x00000260   Code   RO         4301    i.lcd_proc          esp8266.o
    0x080078e0   0x080078e0   0x0000002e   Code   RO         4302    i.led_mode          esp8266.o
    0x0800790e   0x0800790e   0x00000002   PAD
    0x08007910   0x08007910   0x0000003c   Code   RO         4303    i.led_set           esp8266.o
    0x0800794c   0x0800794c   0x00000030   Code   RO         4304    i.led_turn          esp8266.o
    0x0800797c   0x0800797c   0x00000024   Code   RO         4305    i.linearMap         esp8266.o
    0x080079a0   0x080079a0   0x000001c0   Code   RO           15    i.main              main.o
    0x08007b60   0x08007b60   0x00000030   Code   RO         4306    i.motor_ctrl        esp8266.o
    0x08007b90   0x08007b90   0x000000d4   Code   RO         4307    i.pubcmd            esp8266.o
    0x08007c64   0x08007c64   0x000000a8   Code   RO         4308    i.pubcmd_illThreshold  esp8266.o
    0x08007d0c   0x08007d0c   0x000000a4   Code   RO         4309    i.pubcmd_illThresholdnum  esp8266.o
    0x08007db0   0x08007db0   0x000000a8   Code   RO         4310    i.pubcmd_tempThreshold  esp8266.o
    0x08007e58   0x08007e58   0x000000a4   Code   RO         4311    i.pubcmd_tempThresholdnum  esp8266.o
    0x08007efc   0x08007efc   0x00000070   Code   RO         4312    i.readVoltage       esp8266.o
    0x08007f6c   0x08007f6c   0x000000c8   Code   RO         4313    i.sig_proc          esp8266.o
    0x08008034   0x08008034   0x00000068   Code   RO         4314    i.string_to_int     esp8266.o
    0x0800809c   0x0800809c   0x00000210   Code   RO         4315    i.uart_proc         esp8266.o
    0x080082ac   0x080082ac   0x0000002c   Code   RO         4972    locale$$code        c_w.l(lc_numeric_c.o)
    0x080082d8   0x080082d8   0x0000002c   Code   RO         4998    locale$$code        c_w.l(lc_ctype_c.o)
    0x08008304   0x08008304   0x00000062   Code   RO         4782    x$fpl$d2f           fz_wm.l(d2f.o)
    0x08008366   0x08008366   0x00000002   PAD
    0x08008368   0x08008368   0x00000150   Code   RO         4784    x$fpl$dadd          fz_wm.l(daddsub_clz.o)
    0x080084b8   0x080084b8   0x00000018   Code   RO         4886    x$fpl$dcmpinf       fz_wm.l(dcmpi.o)
    0x080084d0   0x080084d0   0x000002b0   Code   RO         4791    x$fpl$ddiv          fz_wm.l(ddiv.o)
    0x08008780   0x08008780   0x0000005a   Code   RO         4794    x$fpl$dfixu         fz_wm.l(dfixu.o)
    0x080087da   0x080087da   0x00000026   Code   RO         4798    x$fpl$dfltu         fz_wm.l(dflt_clz.o)
    0x08008800   0x08008800   0x00000078   Code   RO         4804    x$fpl$dleqf         fz_wm.l(dleqf.o)
    0x08008878   0x08008878   0x00000154   Code   RO         4806    x$fpl$dmul          fz_wm.l(dmul.o)
    0x080089cc   0x080089cc   0x0000009c   Code   RO         4888    x$fpl$dnaninf       fz_wm.l(dnaninf.o)
    0x08008a68   0x08008a68   0x0000000c   Code   RO         4890    x$fpl$dretinf       fz_wm.l(dretinf.o)
    0x08008a74   0x08008a74   0x0000006c   Code   RO         4808    x$fpl$drleqf        fz_wm.l(drleqf.o)
    0x08008ae0   0x08008ae0   0x000001d4   Code   RO         4786    x$fpl$dsub          fz_wm.l(daddsub_clz.o)
    0x08008cb4   0x08008cb4   0x00000056   Code   RO         4810    x$fpl$f2d           fz_wm.l(f2d.o)
    0x08008d0a   0x08008d0a   0x0000008c   Code   RO         4892    x$fpl$fnaninf       fz_wm.l(fnaninf.o)
    0x08008d96   0x08008d96   0x0000000a   Code   RO         5064    x$fpl$fpinit        fz_wm.l(fpinit.o)
    0x08008da0   0x08008da0   0x0000000a   Code   RO         4894    x$fpl$fretinf       fz_wm.l(fretinf.o)
    0x08008daa   0x08008daa   0x00000004   Code   RO         4896    x$fpl$printf1       fz_wm.l(printf1.o)
    0x08008dae   0x08008dae   0x00000004   Code   RO         4898    x$fpl$printf2       fz_wm.l(printf2.o)
    0x08008db2   0x08008db2   0x00000000   Code   RO         4904    x$fpl$usenofp       fz_wm.l(usenofp.o)
    0x08008db2   0x08008db2   0x00000018   Data   RO         3686    .constdata          stm32g4xx_hal_uart.o
    0x08008dca   0x08008dca   0x00000010   Data   RO         4052    .constdata          stm32g4xx_hal_uart_ex.o
    0x08008dda   0x08008dda   0x00000010   Data   RO         4157    .constdata          system_stm32g4xx.o
    0x08008dea   0x08008dea   0x00000008   Data   RO         4158    .constdata          system_stm32g4xx.o
    0x08008df2   0x08008df2   0x00000006   PAD
    0x08008df8   0x08008df8   0x00000028   Data   RO         4317    .constdata          esp8266.o
    0x08008e20   0x08008e20   0x000011d0   Data   RO         4506    .constdata          lcd.o
    0x08009ff0   0x08009ff0   0x00000011   Data   RO         4759    .constdata          c_w.l(__printf_flags_ss_wp.o)
    0x0800a001   0x0800a001   0x00000003   PAD
    0x0800a004   0x0800a004   0x00000008   Data   RO         4834    .constdata          c_w.l(_printf_wctomb.o)
    0x0800a00c   0x0800a00c   0x00000028   Data   RO         4863    .constdata          c_w.l(_printf_hex_int_ll_ptr.o)
    0x0800a034   0x0800a034   0x00000026   Data   RO         4927    .constdata          c_w.l(_printf_fp_hex.o)
    0x0800a05a   0x0800a05a   0x00000002   PAD
    0x0800a05c   0x0800a05c   0x00000094   Data   RO         4947    .constdata          c_w.l(bigflt0.o)
    0x0800a0f0   0x0800a0f0   0x00000292   Data   RO         4318    .conststring        esp8266.o
    0x0800a382   0x0800a382   0x00000002   PAD
    0x0800a384   0x0800a384   0x00000020   Data   RO         5122    Region$$Table       anon$$obj.o
    0x0800a3a4   0x0800a3a4   0x0000001c   Data   RO         4971    locale$$data        c_w.l(lc_numeric_c.o)
    0x0800a3c0   0x0800a3c0   0x00000110   Data   RO         4997    locale$$data        c_w.l(lc_ctype_c.o)


    Execution Region RW_IRAM1 (Exec base: 0x20000000, Load base: 0x0800a4d0, Size: 0x00001610, Max: 0x00008000, ABSOLUTE)

    Exec Addr    Load Addr    Size         Type   Attr      Idx    E Section Name        Object

    0x20000000   0x0800a4d0   0x00000004   Data   RW           17    .data               main.o
    0x20000004   0x0800a4d4   0x00000004   Data   RW          416    .data               stm32g4xx_it.o
    0x20000008   0x0800a4d8   0x0000000c   Data   RW         1005    .data               stm32g4xx_hal.o
    0x20000014   0x0800a4e4   0x00000004   Data   RW         4159    .data               system_stm32g4xx.o
    0x20000018   0x0800a4e8   0x0000000b   Data   RW         4202    .data               dht11.o
    0x20000023   0x0800a4f3   0x00000001   PAD
    0x20000024   0x0800a4f4   0x0000005a   Data   RW         4320    .data               esp8266.o
    0x2000007e   0x0800a54e   0x00000006   Data   RW         4507    .data               lcd.o
    0x20000084        -       0x0000006c   Zero   RW          245    .bss                adc.o
    0x200000f0        -       0x0000004c   Zero   RW          288    .bss                tim.o
    0x2000013c        -       0x000001bc   Zero   RW          339    .bss                usart.o
    0x200002f8        -       0x00000032   Zero   RW         4201    .bss                dht11.o
    0x2000032a   0x0800a554   0x00000006   PAD
    0x20000330        -       0x00000c7c   Zero   RW         4316    .bss                esp8266.o
    0x20000fac        -       0x00000060   Zero   RW         4991    .bss                c_w.l(libspace.o)
    0x2000100c   0x0800a554   0x00000004   PAD
    0x20001010        -       0x00000200   Zero   RW            2    HEAP                startup_stm32g431xx.o
    0x20001210        -       0x00000400   Zero   RW            1    STACK               startup_stm32g431xx.o


==============================================================================

Image component sizes


      Code (inc. data)   RO Data    RW Data    ZI Data      Debug   Object Name

       296         22          0          0        108       2005   adc.o
       672        142          0         11         50       8895   dht11.o
      7830       1490        698         90       3196      20428   esp8266.o
       284         16          0          0          0       1135   gpio.o
       208          0          0          0          0       2892   key.o
      1816         92       4560          6          0      12256   lcd.o
       554         62          0          4          0     682203   main.o
        64         26        472          0       1536        884   startup_stm32g431xx.o
       162         24          0         12          0       4593   stm32g4xx_hal.o
      2324        130          0          0          0      78739   stm32g4xx_hal_adc.o
       224          8          0          0          0      68227   stm32g4xx_hal_adc_ex.o
       198         14          0          0          0      34095   stm32g4xx_hal_cortex.o
       226          0          0          0          0       2055   stm32g4xx_hal_dma.o
       620         34          0          0          0       3848   stm32g4xx_hal_gpio.o
        48          6          0          0          0        946   stm32g4xx_hal_msp.o
       204         18          0          0          0       1481   stm32g4xx_hal_pwr_ex.o
      1700         98          0          0          0       7024   stm32g4xx_hal_rcc.o
       648         10          0          0          0       1964   stm32g4xx_hal_rcc_ex.o
      1768        210          0          0          0      11976   stm32g4xx_hal_tim.o
       156          8          0          0          0       1532   stm32g4xx_hal_tim_ex.o
      3906        144         24          0          0      37734   stm32g4xx_hal_uart.o
       288          6         16          0          0       5690   stm32g4xx_hal_uart_ex.o
       228         40          0          4          0       6013   stm32g4xx_it.o
        16          4         24          4          0       1247   system_stm32g4xx.o
       276         30          0          0         76       2554   tim.o
       830        100          0          0        444       5829   usart.o

    ----------------------------------------------------------------------
     25574       2734       5834        132       5416    1006245   Object Totals
         0          0         32          0          0          0   (incl. Generated)
        28          0          8          1          6          0   (incl. Padding)

    ----------------------------------------------------------------------

      Code (inc. data)   RO Data    RW Data    ZI Data      Debug   Library Member Name

        56          6          0          0          0         88   __2snprintf.o
        44          6          0          0          0         84   __2sprintf.o
         8          0          0          0          0         68   __main.o
       392          4         17          0          0         92   __printf_flags_ss_wp.o
        14          0          0          0          0         68   __printf_wp.o
         0          0          0          0          0          0   __rtentry.o
        12          0          0          0          0          0   __rtentry2.o
         6          0          0          0          0          0   __rtentry4.o
        52          8          0          0          0          0   __scatter.o
        26          0          0          0          0          0   __scatter_copy.o
        28          0          0          0          0          0   __scatter_zi.o
         6          0          0          0          0          0   _printf_a.o
         6          0          0          0          0          0   _printf_c.o
        44          0          0          0          0        108   _printf_char.o
        48          6          0          0          0         96   _printf_char_common.o
        40          0          0          0          0         68   _printf_charcount.o
         6          0          0          0          0          0   _printf_d.o
       120         16          0          0          0         92   _printf_dec.o
         6          0          0          0          0          0   _printf_e.o
         6          0          0          0          0          0   _printf_f.o
      1054          0          0          0          0        216   _printf_fp_dec.o
       764          8         38          0          0        100   _printf_fp_hex.o
       128         16          0          0          0         84   _printf_fp_infnan.o
         6          0          0          0          0          0   _printf_g.o
       148          4         40          0          0        160   _printf_hex_int_ll_ptr.o
         6          0          0          0          0          0   _printf_i.o
       178          0          0          0          0         88   _printf_intcommon.o
        10          0          0          0          0          0   _printf_l.o
         6          0          0          0          0          0   _printf_lc.o
        10          0          0          0          0          0   _printf_ll.o
         6          0          0          0          0          0   _printf_lld.o
         6          0          0          0          0          0   _printf_lli.o
         6          0          0          0          0          0   _printf_llo.o
         6          0          0          0          0          0   _printf_llu.o
         6          0          0          0          0          0   _printf_llx.o
       124         16          0          0          0         92   _printf_longlong_dec.o
         6          0          0          0          0          0   _printf_ls.o
         6          0          0          0          0          0   _printf_n.o
         6          0          0          0          0          0   _printf_o.o
       112         10          0          0          0        124   _printf_oct_int_ll.o
         6          0          0          0          0          0   _printf_p.o
        78          0          0          0          0        108   _printf_pad.o
         0          0          0          0          0          0   _printf_percent.o
         4          0          0          0          0          0   _printf_percent_end.o
         6          0          0          0          0          0   _printf_s.o
        82          0          0          0          0         80   _printf_str.o
        36          0          0          0          0         84   _printf_truncate.o
         6          0          0          0          0          0   _printf_u.o
        44          0          0          0          0        108   _printf_wchar.o
       188          6          8          0          0         92   _printf_wctomb.o
         6          0          0          0          0          0   _printf_x.o
        16          0          0          0          0         68   _snputc.o
        10          0          0          0          0         68   _sputc.o
        64          0          0          0          0         92   _wcrtomb.o
       228          4        148          0          0         96   bigflt0.o
      1936        128          0          0          0        672   btod.o
        18          0          0          0          0         80   exit.o
         6          0          0          0          0        152   heapauxi.o
         0          0          0          0          0          0   indicate_semi.o
        44         10        272          0          0         76   lc_ctype_c.o
        44         10         28          0          0         76   lc_numeric_c.o
         2          0          0          0          0          0   libinit.o
        34          0          0          0          0          0   libinit2.o
         2          0          0          0          0          0   libshutdown.o
         2          0          0          0          0          0   libshutdown2.o
         8          4          0          0         96         68   libspace.o
       138          0          0          0          0         80   lludiv10.o
       238          0          0          0          0        100   lludivv7m.o
        16          4          0          0          0         76   rt_ctype_table.o
         8          4          0          0          0         68   rt_locale_intlibspace.o
        68          0          0          0          0         68   rt_memclr.o
        78          0          0          0          0         80   rt_memclr_w.o
       100          0          0          0          0         80   rt_memcpy_w.o
         2          0          0          0          0          0   rtexit.o
        10          0          0          0          0          0   rtexit2.o
        20          0          0          0          0         68   strchr.o
       128          0          0          0          0         68   strcmpv7m.o
        62          0          0          0          0         76   strlen.o
        36          0          0          0          0         80   strstr.o
        12          4          0          0          0         68   sys_exit.o
        74          0          0          0          0         80   sys_stackheap_outer.o
         2          0          0          0          0         68   use_no_semi.o
        52          4          0          0          0         80   vsnprintf.o
        98          4          0          0          0        140   d2f.o
       804         16          0          0          0        368   daddsub_clz.o
        24          0          0          0          0        116   dcmpi.o
       688        140          0          0          0        256   ddiv.o
        90          4          0          0          0        140   dfixu.o
        38          0          0          0          0        116   dflt_clz.o
       120          4          0          0          0        140   dleqf.o
       340         12          0          0          0        152   dmul.o
       156          4          0          0          0        140   dnaninf.o
        12          0          0          0          0        116   dretinf.o
       108          0          0          0          0        128   drleqf.o
        86          4          0          0          0        132   f2d.o
       140          4          0          0          0        132   fnaninf.o
        10          0          0          0          0        116   fpinit.o
        10          0          0          0          0        116   fretinf.o
         4          0          0          0          0        116   printf1.o
         4          0          0          0          0        116   printf2.o
         0          0          0          0          0          0   usenofp.o
        48          0          0          0          0        124   fpclassify.o

    ----------------------------------------------------------------------
     10228        470        556          0        100       7352   Library Totals
        20          0          5          0          4          0   (incl. Padding)

    ----------------------------------------------------------------------

      Code (inc. data)   RO Data    RW Data    ZI Data      Debug   Library Name

      7428        278        551          0         96       4688   c_w.l
      2732        192          0          0          0       2540   fz_wm.l
        48          0          0          0          0        124   m_wm.l

    ----------------------------------------------------------------------
     10228        470        556          0        100       7352   Library Totals

    ----------------------------------------------------------------------

==============================================================================


      Code (inc. data)   RO Data    RW Data    ZI Data      Debug   

     35802       3204       6390        132       5516     993897   Grand Totals
     35802       3204       6390        132       5516     993897   ELF Image Totals
     35802       3204       6390        132          0          0   ROM Totals

==============================================================================

    Total RO  Size (Code + RO Data)                42192 (  41.20kB)
    Total RW  Size (RW Data + ZI Data)              5648 (   5.52kB)
    Total ROM Size (Code + RO Data + RW Data)      42324 (  41.33kB)

==============================================================================

